Component: ARM Compiler 5.06 update 1 (build 61) Tool: armlink [4d35a8]

==============================================================================

Section Cross References

    startup_stm32f103xe.o(RESET) refers to startup_stm32f103xe.o(STACK) for __initial_sp
    startup_stm32f103xe.o(RESET) refers to startup_stm32f103xe.o(.text) for Reset_Handler
    startup_stm32f103xe.o(RESET) refers to stm32f1xx_it.o(i.NMI_Handler) for NMI_Handler
    startup_stm32f103xe.o(RESET) refers to stm32f1xx_it.o(i.HardFault_Handler) for HardFault_Handler
    startup_stm32f103xe.o(RESET) refers to stm32f1xx_it.o(i.MemManage_Handler) for MemManage_Handler
    startup_stm32f103xe.o(RESET) refers to stm32f1xx_it.o(i.BusFault_Handler) for BusFault_Handler
    startup_stm32f103xe.o(RESET) refers to stm32f1xx_it.o(i.UsageFault_Handler) for UsageFault_Handler
    startup_stm32f103xe.o(RESET) refers to stm32f1xx_it.o(i.SVC_Handler) for SVC_Handler
    startup_stm32f103xe.o(RESET) refers to stm32f1xx_it.o(i.DebugMon_Handler) for DebugMon_Handler
    startup_stm32f103xe.o(RESET) refers to stm32f1xx_it.o(i.PendSV_Handler) for PendSV_Handler
    startup_stm32f103xe.o(RESET) refers to stm32f1xx_it.o(i.SysTick_Handler) for SysTick_Handler
    startup_stm32f103xe.o(RESET) refers to bsp_debug_usart.o(i.USART1_IRQHandler) for USART1_IRQHandler
    startup_stm32f103xe.o(RESET) refers to bsp_debug_usart.o(i.USART2_IRQHandler) for USART2_IRQHandler
    startup_stm32f103xe.o(RESET) refers to bsp_debug_usart.o(i.USART3_IRQHandler) for USART3_IRQHandler
    startup_stm32f103xe.o(.text) refers to system_stm32f1xx.o(i.SystemInit) for SystemInit
    startup_stm32f103xe.o(.text) refers to entry.o(.ARM.Collect$$$$00000000) for __main
    system_stm32f1xx.o(i.SystemCoreClockUpdate) refers to system_stm32f1xx.o(.data) for SystemCoreClock
    system_stm32f1xx.o(i.SystemCoreClockUpdate) refers to system_stm32f1xx.o(.constdata) for AHBPrescTable
    stm32f1xx_hal.o(i.HAL_DeInit) refers to stm32f1xx_hal.o(i.HAL_MspDeInit) for HAL_MspDeInit
    stm32f1xx_hal.o(i.HAL_Delay) refers to core_delay.o(i.HAL_GetTick) for HAL_GetTick
    stm32f1xx_hal.o(i.HAL_Delay) refers to stm32f1xx_hal.o(.data) for uwTickFreq
    stm32f1xx_hal.o(i.HAL_GetTick) refers to stm32f1xx_hal.o(.data) for uwTick
    stm32f1xx_hal.o(i.HAL_GetTickFreq) refers to stm32f1xx_hal.o(.data) for uwTickFreq
    stm32f1xx_hal.o(i.HAL_GetTickPrio) refers to stm32f1xx_hal.o(.data) for uwTickPrio
    stm32f1xx_hal.o(i.HAL_IncTick) refers to stm32f1xx_hal.o(.data) for uwTick
    stm32f1xx_hal.o(i.HAL_Init) refers to stm32f1xx_hal_cortex.o(i.HAL_NVIC_SetPriorityGrouping) for HAL_NVIC_SetPriorityGrouping
    stm32f1xx_hal.o(i.HAL_Init) refers to core_delay.o(i.HAL_InitTick) for HAL_InitTick
    stm32f1xx_hal.o(i.HAL_Init) refers to stm32f1xx_hal.o(i.HAL_MspInit) for HAL_MspInit
    stm32f1xx_hal.o(i.HAL_InitTick) refers to stm32f1xx_hal_cortex.o(i.HAL_SYSTICK_Config) for HAL_SYSTICK_Config
    stm32f1xx_hal.o(i.HAL_InitTick) refers to stm32f1xx_hal_cortex.o(i.HAL_NVIC_SetPriority) for HAL_NVIC_SetPriority
    stm32f1xx_hal.o(i.HAL_InitTick) refers to stm32f1xx_hal.o(.data) for uwTickFreq
    stm32f1xx_hal.o(i.HAL_InitTick) refers to system_stm32f1xx.o(.data) for SystemCoreClock
    stm32f1xx_hal.o(i.HAL_SetTickFreq) refers to core_delay.o(i.HAL_InitTick) for HAL_InitTick
    stm32f1xx_hal.o(i.HAL_SetTickFreq) refers to stm32f1xx_hal.o(.data) for uwTickFreq
    stm32f1xx_hal_adc.o(i.ADC_ConversionStop_Disable) refers to core_delay.o(i.HAL_GetTick) for HAL_GetTick
    stm32f1xx_hal_adc.o(i.ADC_DMAConvCplt) refers to stm32f1xx_hal_adc.o(i.HAL_ADC_ConvCpltCallback) for HAL_ADC_ConvCpltCallback
    stm32f1xx_hal_adc.o(i.ADC_DMAError) refers to stm32f1xx_hal_adc.o(i.HAL_ADC_ErrorCallback) for HAL_ADC_ErrorCallback
    stm32f1xx_hal_adc.o(i.ADC_DMAHalfConvCplt) refers to stm32f1xx_hal_adc.o(i.HAL_ADC_ConvHalfCpltCallback) for HAL_ADC_ConvHalfCpltCallback
    stm32f1xx_hal_adc.o(i.ADC_Enable) refers to core_delay.o(i.HAL_GetTick) for HAL_GetTick
    stm32f1xx_hal_adc.o(i.ADC_Enable) refers to system_stm32f1xx.o(.data) for SystemCoreClock
    stm32f1xx_hal_adc.o(i.HAL_ADC_ConfigChannel) refers to system_stm32f1xx.o(.data) for SystemCoreClock
    stm32f1xx_hal_adc.o(i.HAL_ADC_DeInit) refers to stm32f1xx_hal_adc.o(i.ADC_ConversionStop_Disable) for ADC_ConversionStop_Disable
    stm32f1xx_hal_adc.o(i.HAL_ADC_DeInit) refers to stm32f1xx_hal_adc.o(i.HAL_ADC_MspDeInit) for HAL_ADC_MspDeInit
    stm32f1xx_hal_adc.o(i.HAL_ADC_IRQHandler) refers to stm32f1xx_hal_adc.o(i.HAL_ADC_ConvCpltCallback) for HAL_ADC_ConvCpltCallback
    stm32f1xx_hal_adc.o(i.HAL_ADC_IRQHandler) refers to stm32f1xx_hal_adc_ex.o(i.HAL_ADCEx_InjectedConvCpltCallback) for HAL_ADCEx_InjectedConvCpltCallback
    stm32f1xx_hal_adc.o(i.HAL_ADC_IRQHandler) refers to stm32f1xx_hal_adc.o(i.HAL_ADC_LevelOutOfWindowCallback) for HAL_ADC_LevelOutOfWindowCallback
[...]
    Removing stm32f1xx_hal_usart.o(i.HAL_USART_IRQHandler), (384 bytes).
    Removing stm32f1xx_hal_usart.o(i.HAL_USART_Init), (90 bytes).
    Removing stm32f1xx_hal_usart.o(i.HAL_USART_MspDeInit), (2 bytes).
    Removing stm32f1xx_hal_usart.o(i.HAL_USART_MspInit), (2 bytes).
    Removing stm32f1xx_hal_usart.o(i.HAL_USART_Receive), (278 bytes).
    Removing stm32f1xx_hal_usart.o(i.HAL_USART_Receive_DMA), (248 bytes).
    Removing stm32f1xx_hal_usart.o(i.HAL_USART_Receive_IT), (108 bytes).
    Removing stm32f1xx_hal_usart.o(i.HAL_USART_RxCpltCallback), (2 bytes).
    Removing stm32f1xx_hal_usart.o(i.HAL_USART_RxHalfCpltCallback), (2 bytes).
    Removing stm32f1xx_hal_usart.o(i.HAL_USART_Transmit), (214 bytes).
    Removing stm32f1xx_hal_usart.o(i.HAL_USART_TransmitReceive), (320 bytes).
    Removing stm32f1xx_hal_usart.o(i.HAL_USART_TransmitReceive_DMA), (268 bytes).
    Removing stm32f1xx_hal_usart.o(i.HAL_USART_TransmitReceive_IT), (132 bytes).
    Removing stm32f1xx_hal_usart.o(i.HAL_USART_Transmit_DMA), (156 bytes).
    Removing stm32f1xx_hal_usart.o(i.HAL_USART_Transmit_IT), (88 bytes).
    Removing stm32f1xx_hal_usart.o(i.HAL_USART_TxCpltCallback), (2 bytes).
    Removing stm32f1xx_hal_usart.o(i.HAL_USART_TxHalfCpltCallback), (2 bytes).
    Removing stm32f1xx_hal_usart.o(i.HAL_USART_TxRxCpltCallback), (2 bytes).
    Removing stm32f1xx_hal_usart.o(i.USART_DMAAbortOnError), (20 bytes).
    Removing stm32f1xx_hal_usart.o(i.USART_DMAError), (84 bytes).
    Removing stm32f1xx_hal_usart.o(i.USART_DMAReceiveCplt), (122 bytes).
    Removing stm32f1xx_hal_usart.o(i.USART_DMARxAbortCallback), (48 bytes).
    Removing stm32f1xx_hal_usart.o(i.USART_DMARxHalfCplt), (14 bytes).
    Removing stm32f1xx_hal_usart.o(i.USART_DMATransmitCplt), (70 bytes).
    Removing stm32f1xx_hal_usart.o(i.USART_DMATxAbortCallback), (48 bytes).
    Removing stm32f1xx_hal_usart.o(i.USART_DMATxHalfCplt), (14 bytes).
    Removing stm32f1xx_hal_usart.o(i.USART_EndRxTransfer), (32 bytes).
    Removing stm32f1xx_hal_usart.o(i.USART_EndTransmit_IT), (44 bytes).
    Removing stm32f1xx_hal_usart.o(i.USART_EndTxTransfer), (20 bytes).
    Removing stm32f1xx_hal_usart.o(i.USART_Receive_IT), (194 bytes).
    Removing stm32f1xx_hal_usart.o(i.USART_SetConfig), (444 bytes).
    Removing stm32f1xx_hal_usart.o(i.USART_TransmitReceive_IT), (270 bytes).
    Removing stm32f1xx_hal_usart.o(i.USART_Transmit_IT), (104 bytes).
    Removing stm32f1xx_hal_usart.o(i.USART_WaitOnFlagUntilTimeout), (128 bytes).
    Removing stm32f1xx_hal_wwdg.o(.rev16_text), (4 bytes).
    Removing stm32f1xx_hal_wwdg.o(.revsh_text), (4 bytes).
    Removing stm32f1xx_hal_wwdg.o(.rrx_text), (6 bytes).
    Removing stm32f1xx_hal_wwdg.o(i.HAL_WWDG_EarlyWakeupCallback), (2 bytes).
    Removing stm32f1xx_hal_wwdg.o(i.HAL_WWDG_IRQHandler), (40 bytes).
    Removing stm32f1xx_hal_wwdg.o(i.HAL_WWDG_Init), (44 bytes).
    Removing stm32f1xx_hal_wwdg.o(i.HAL_WWDG_MspInit), (2 bytes).
    Removing stm32f1xx_hal_wwdg.o(i.HAL_WWDG_Refresh), (12 bytes).
    Removing stm32f1xx_ll_fsmc.o(.rev16_text), (4 bytes).
    Removing stm32f1xx_ll_fsmc.o(.revsh_text), (4 bytes).
    Removing stm32f1xx_ll_fsmc.o(.rrx_text), (6 bytes).
    Removing stm32f1xx_ll_fsmc.o(i.FSMC_NAND_AttributeSpace_Timing_Init), (62 bytes).
    Removing stm32f1xx_ll_fsmc.o(i.FSMC_NAND_CommonSpace_Timing_Init), (62 bytes).
    Removing stm32f1xx_ll_fsmc.o(i.FSMC_NAND_DeInit), (66 bytes).
    Removing stm32f1xx_ll_fsmc.o(i.FSMC_NAND_ECC_Disable), (28 bytes).
    Removing stm32f1xx_ll_fsmc.o(i.FSMC_NAND_ECC_Enable), (28 bytes).
    Removing stm32f1xx_ll_fsmc.o(i.FSMC_NAND_GetECC), (84 bytes).
    Removing stm32f1xx_ll_fsmc.o(i.FSMC_NAND_Init), (100 bytes).
    Removing stm32f1xx_ll_fsmc.o(i.FSMC_NORSRAM_DeInit), (56 bytes).
    Removing stm32f1xx_ll_fsmc.o(i.FSMC_NORSRAM_Extended_Timing_Init), (68 bytes).
    Removing stm32f1xx_ll_fsmc.o(i.FSMC_NORSRAM_Init), (112 bytes).
    Removing stm32f1xx_ll_fsmc.o(i.FSMC_NORSRAM_Timing_Init), (66 bytes).
    Removing stm32f1xx_ll_fsmc.o(i.FSMC_NORSRAM_WriteOperation_Disable), (18 bytes).
    Removing stm32f1xx_ll_fsmc.o(i.FSMC_NORSRAM_WriteOperation_Enable), (18 bytes).
    Removing stm32f1xx_ll_fsmc.o(i.FSMC_PCCARD_AttributeSpace_Timing_Init), (30 bytes).
    Removing stm32f1xx_ll_fsmc.o(i.FSMC_PCCARD_CommonSpace_Timing_Init), (30 bytes).
    Removing stm32f1xx_ll_fsmc.o(i.FSMC_PCCARD_DeInit), (32 bytes).
    Removing stm32f1xx_ll_fsmc.o(i.FSMC_PCCARD_IOSpace_Timing_Init), (30 bytes).
    Removing stm32f1xx_ll_fsmc.o(i.FSMC_PCCARD_Init), (40 bytes).
    Removing stm32f1xx_ll_sdmmc.o(.rev16_text), (4 bytes).
    Removing stm32f1xx_ll_sdmmc.o(.revsh_text), (4 bytes).
    Removing stm32f1xx_ll_sdmmc.o(.rrx_text), (6 bytes).
    Removing stm32f1xx_ll_sdmmc.o(i.SDIO_ConfigData), (44 bytes).
    Removing stm32f1xx_ll_sdmmc.o(i.SDIO_GetCommandResponse), (8 bytes).
    Removing stm32f1xx_ll_sdmmc.o(i.SDIO_GetDataCounter), (6 bytes).
    Removing stm32f1xx_ll_sdmmc.o(i.SDIO_GetFIFOCount), (8 bytes).
    Removing stm32f1xx_ll_sdmmc.o(i.SDIO_GetPowerState), (10 bytes).
    Removing stm32f1xx_ll_sdmmc.o(i.SDIO_GetResponse), (12 bytes).
    Removing stm32f1xx_ll_sdmmc.o(i.SDIO_Init), (52 bytes).
    Removing stm32f1xx_ll_sdmmc.o(i.SDIO_PowerState_OFF), (8 bytes).
    Removing stm32f1xx_ll_sdmmc.o(i.SDIO_PowerState_ON), (18 bytes).
    Removing stm32f1xx_ll_sdmmc.o(i.SDIO_ReadFIFO), (8 bytes).
    Removing stm32f1xx_ll_sdmmc.o(i.SDIO_SendCommand), (40 bytes).
    Removing stm32f1xx_ll_sdmmc.o(i.SDIO_SetSDMMCReadWaitMode), (16 bytes).
    Removing stm32f1xx_ll_sdmmc.o(i.SDIO_WriteFIFO), (12 bytes).
    Removing stm32f1xx_ll_sdmmc.o(i.SDMMC_CmdAppCommand), (56 bytes).
    Removing stm32f1xx_ll_sdmmc.o(i.SDMMC_CmdAppOperCommand), (60 bytes).
    Removing stm32f1xx_ll_sdmmc.o(i.SDMMC_CmdBlockLength), (56 bytes).
    Removing stm32f1xx_ll_sdmmc.o(i.SDMMC_CmdBusWidth), (56 bytes).
    Removing stm32f1xx_ll_sdmmc.o(i.SDMMC_CmdErase), (56 bytes).
    Removing stm32f1xx_ll_sdmmc.o(i.SDMMC_CmdEraseEndAdd), (56 bytes).
    Removing stm32f1xx_ll_sdmmc.o(i.SDMMC_CmdEraseStartAdd), (56 bytes).
    Removing stm32f1xx_ll_sdmmc.o(i.SDMMC_CmdGoIdleState), (44 bytes).
    Removing stm32f1xx_ll_sdmmc.o(i.SDMMC_CmdOpCondition), (50 bytes).
    Removing stm32f1xx_ll_sdmmc.o(i.SDMMC_CmdOperCond), (52 bytes).
    Removing stm32f1xx_ll_sdmmc.o(i.SDMMC_CmdReadMultiBlock), (56 bytes).
    Removing stm32f1xx_ll_sdmmc.o(i.SDMMC_CmdReadSingleBlock), (56 bytes).
    Removing stm32f1xx_ll_sdmmc.o(i.SDMMC_CmdSDEraseEndAdd), (56 bytes).
    Removing stm32f1xx_ll_sdmmc.o(i.SDMMC_CmdSDEraseStartAdd), (56 bytes).
    Removing stm32f1xx_ll_sdmmc.o(i.SDMMC_CmdSelDesel), (58 bytes).
    Removing stm32f1xx_ll_sdmmc.o(i.SDMMC_CmdSendCID), (50 bytes).
    Removing stm32f1xx_ll_sdmmc.o(i.SDMMC_CmdSendCSD), (50 bytes).
    Removing stm32f1xx_ll_sdmmc.o(i.SDMMC_CmdSendSCR), (56 bytes).
    Removing stm32f1xx_ll_sdmmc.o(i.SDMMC_CmdSendStatus), (56 bytes).
    Removing stm32f1xx_ll_sdmmc.o(i.SDMMC_CmdSetRelAdd), (56 bytes).
    Removing stm32f1xx_ll_sdmmc.o(i.SDMMC_CmdStatusRegister), (56 bytes).
    Removing stm32f1xx_ll_sdmmc.o(i.SDMMC_CmdStopTransfer), (60 bytes).
    Removing stm32f1xx_ll_sdmmc.o(i.SDMMC_CmdSwitch), (56 bytes).
    Removing stm32f1xx_ll_sdmmc.o(i.SDMMC_CmdWriteMultiBlock), (56 bytes).
    Removing stm32f1xx_ll_sdmmc.o(i.SDMMC_CmdWriteSingleBlock), (56 bytes).
    Removing stm32f1xx_ll_sdmmc.o(i.SDMMC_GetCmdError), (64 bytes).
    Removing stm32f1xx_ll_sdmmc.o(i.SDMMC_GetCmdResp1), (428 bytes).
    Removing stm32f1xx_ll_sdmmc.o(i.SDMMC_GetCmdResp2), (100 bytes).
    Removing stm32f1xx_ll_sdmmc.o(i.SDMMC_GetCmdResp3), (88 bytes).
    Removing stm32f1xx_ll_sdmmc.o(i.SDMMC_GetCmdResp6), (184 bytes).
    Removing stm32f1xx_ll_sdmmc.o(i.SDMMC_GetCmdResp7), (108 bytes).
    Removing stm32f1xx_ll_usb.o(.rev16_text), (4 bytes).
    Removing stm32f1xx_ll_usb.o(.revsh_text), (4 bytes).
    Removing stm32f1xx_ll_usb.o(.rrx_text), (6 bytes).
    Removing stm32f1xx_ll_usb.o(i.USB_ActivateEndpoint), (1174 bytes).
    Removing stm32f1xx_ll_usb.o(i.USB_ActivateRemoteWakeup), (18 bytes).
    Removing stm32f1xx_ll_usb.o(i.USB_ClearInterrupts), (2 bytes).
    Removing stm32f1xx_ll_usb.o(i.USB_CoreInit), (8 bytes).
    Removing stm32f1xx_ll_usb.o(i.USB_DeActivateRemoteWakeup), (18 bytes).
    Removing stm32f1xx_ll_usb.o(i.USB_DeactivateEndpoint), (636 bytes).
    Removing stm32f1xx_ll_usb.o(i.USB_DevConnect), (6 bytes).
    Removing stm32f1xx_ll_usb.o(i.USB_DevDisconnect), (6 bytes).
    Removing stm32f1xx_ll_usb.o(i.USB_DevInit), (30 bytes).
    Removing stm32f1xx_ll_usb.o(i.USB_DisableGlobalInt), (20 bytes).
    Removing stm32f1xx_ll_usb.o(i.USB_EP0_OutStart), (6 bytes).
    Removing stm32f1xx_ll_usb.o(i.USB_EPClearStall), (218 bytes).
    Removing stm32f1xx_ll_usb.o(i.USB_EPSetStall), (92 bytes).
    Removing stm32f1xx_ll_usb.o(i.USB_EPStartXfer), (1108 bytes).
    Removing stm32f1xx_ll_usb.o(i.USB_EnableGlobalInt), (20 bytes).
    Removing stm32f1xx_ll_usb.o(i.USB_FlushRxFifo), (6 bytes).
    Removing stm32f1xx_ll_usb.o(i.USB_FlushTxFifo), (6 bytes).
    Removing stm32f1xx_ll_usb.o(i.USB_ReadDevAllInEpInterrupt), (6 bytes).
    Removing stm32f1xx_ll_usb.o(i.USB_ReadDevAllOutEpInterrupt), (6 bytes).
    Removing stm32f1xx_ll_usb.o(i.USB_ReadDevInEPInterrupt), (6 bytes).
    Removing stm32f1xx_ll_usb.o(i.USB_ReadDevOutEPInterrupt), (6 bytes).
    Removing stm32f1xx_ll_usb.o(i.USB_ReadInterrupts), (8 bytes).
    Removing stm32f1xx_ll_usb.o(i.USB_ReadPMA), (74 bytes).
    Removing stm32f1xx_ll_usb.o(i.USB_ReadPacket), (6 bytes).
    Removing stm32f1xx_ll_usb.o(i.USB_SetCurrentMode), (6 bytes).
    Removing stm32f1xx_ll_usb.o(i.USB_SetDevAddress), (14 bytes).
    Removing stm32f1xx_ll_usb.o(i.USB_SetDevSpeed), (6 bytes).
    Removing stm32f1xx_ll_usb.o(i.USB_StopDevice), (22 bytes).
    Removing stm32f1xx_ll_usb.o(i.USB_WritePMA), (66 bytes).
    Removing stm32f1xx_ll_usb.o(i.USB_WritePacket), (8 bytes).
    Removing main.o(.rev16_text), (4 bytes).
    Removing main.o(.revsh_text), (4 bytes).
    Removing main.o(.rrx_text), (6 bytes).
    Removing main.o(.bss), (48 bytes).
    Removing main.o(.data), (64 bytes).
    Removing stm32f1xx_it.o(.rev16_text), (4 bytes).
    Removing stm32f1xx_it.o(.revsh_text), (4 bytes).
    Removing stm32f1xx_it.o(.rrx_text), (6 bytes).
    Removing bsp_debug_usart.o(.rev16_text), (4 bytes).
    Removing bsp_debug_usart.o(.revsh_text), (4 bytes).
    Removing bsp_debug_usart.o(.rrx_text), (6 bytes).
    Removing bsp_debug_usart.o(i._sys_exit), (4 bytes).
    Removing bsp_debug_usart.o(i.tof_communication), (156 bytes).
    Removing bsp_debug_usart.o(i.tof_extracts), (268 bytes).
    Removing bsp_general_tim.o(.rev16_text), (4 bytes).
    Removing bsp_general_tim.o(.revsh_text), (4 bytes).
    Removing bsp_general_tim.o(.rrx_text), (6 bytes).
    Removing bsp_general_tim.o(i.TIM2_SetPWM_pulse), (56 bytes).
    Removing bsp_general_tim.o(i.TIM2_set_steering_gear_angle), (108 bytes).
    Removing bsp_general_tim.o(i.TIM2_set_steering_gear_dutyfactor), (108 bytes).
    Removing bsp_general_tim.o(i.TIM4_SetPWM_pulse), (56 bytes).
    Removing bsp_general_tim.o(i.TIM4_set_steering_gear_angle), (108 bytes).
    Removing bsp_general_tim.o(i.TIM4_set_steering_gear_dutyfactor), (108 bytes).
    Removing bsp_general_tim.o(i.axle4_move), (44 bytes).
    Removing bsp_general_tim.o(i.axle_3_move), (22 bytes).
    Removing bsp_general_tim.o(i.cut_move), (108 bytes).
    Removing bsp_key.o(.rev16_text), (4 bytes).
    Removing bsp_key.o(.revsh_text), (4 bytes).
    Removing bsp_key.o(.rrx_text), (6 bytes).
    Removing bsp_key.o(i.Key_Scan), (40 bytes).
    Removing core_delay.o(.rev16_text), (4 bytes).
    Removing core_delay.o(.revsh_text), (4 bytes).
    Removing core_delay.o(.rrx_text), (6 bytes).
    Removing core_delay.o(i.CPU_TS_TmrRd), (12 bytes).
    Removing core_delay.o(i.CPU_TS_Tmr_Delay_US), (80 bytes).
    Removing bsp_stepper_init.o(.rev16_text), (4 bytes).
    Removing bsp_stepper_init.o(.revsh_text), (4 bytes).
    Removing bsp_stepper_init.o(.rrx_text), (6 bytes).
    Removing bsp_stepper_init.o(i.Zaxle_move), (168 bytes).
    Removing bsp_stepper_init.o(i.axle_1_move), (40 bytes).
    Removing bsp_stepper_init.o(i.axle_2_move), (40 bytes).
    Removing bsp_stepper_init.o(i.axle_2_move_theta), (536 bytes).
    Removing bsp_stepper_init.o(i.axle_2_move_theta1), (144 bytes).
    Removing bsp_stepper_init.o(i.stepper_Init), (268 bytes).
    Removing bsp_stepper_init.o(i.stepper_turn), (412 bytes).
    Removing math_method.o(.rev16_text), (4 bytes).
    Removing math_method.o(.revsh_text), (4 bytes).
    Removing math_method.o(.rrx_text), (6 bytes).
    Removing math_method.o(i.forward_calculation), (364 bytes).
    Removing math_method.o(i.inverse_calculation), (512 bytes).
    Removing math_method.o(i.relative_move), (336 bytes).
    Removing math_method.o(.bss), (56 bytes).
    Removing math_method.o(.data), (44 bytes).
    Removing fadd.o(.text), (176 bytes).
    Removing fmul.o(.text), (100 bytes).
    Removing fdiv.o(.text), (124 bytes).
    Removing fflti.o(.text), (18 bytes).
    Removing ffltui.o(.text), (10 bytes).
    Removing dfltui.o(.text), (26 bytes).
    Removing ffixi.o(.text), (50 bytes).
    Removing dfixi.o(.text), (62 bytes).
    Removing dfixui.o(.text), (50 bytes).
    Removing f2d.o(.text), (38 bytes).
    Removing cdcmple.o(.text), (48 bytes).
    Removing d2f.o(.text), (56 bytes).
    Removing cfcmple.o(.text), (20 bytes).
    Removing cfrcmple.o(.text), (20 bytes).
    Removing fepilogue.o(.text), (110 bytes).
    Removing dscalb.o(.text), (46 bytes).
    Removing dsqrt.o(.text), (162 bytes).
    Removing dflti.o(.text), (34 bytes).

1211 unused section(s) (total 114828 bytes) removed from the image.

==============================================================================

Image Symbol Table

    Local Symbols

    Symbol Name                              Value     Ov Type        Size  Object(Section)

    ../clib/microlib/division.c              0x00000000   Number         0  uidiv.o ABSOLUTE
    ../clib/microlib/division.c              0x00000000   Number         0  uldiv.o ABSOLUTE
    ../clib/microlib/errno.c                 0x00000000   Number         0  errno.o ABSOLUTE
    ../clib/microlib/init/entry.s            0x00000000   Number         0  entry5.o ABSOLUTE
    ../clib/microlib/init/entry.s            0x00000000   Number         0  entry7a.o ABSOLUTE
    ../clib/microlib/init/entry.s            0x00000000   Number         0  entry8a.o ABSOLUTE
    ../clib/microlib/init/entry.s            0x00000000   Number         0  entry8b.o ABSOLUTE
    ../clib/microlib/init/entry.s            0x00000000   Number         0  entry9b.o ABSOLUTE
    ../clib/microlib/init/entry.s            0x00000000   Number         0  entry7b.o ABSOLUTE
    ../clib/microlib/init/entry.s            0x00000000   Number         0  entry9a.o ABSOLUTE
    ../clib/microlib/init/entry.s            0x00000000   Number         0  entry10a.o ABSOLUTE
    ../clib/microlib/init/entry.s            0x00000000   Number         0  entry10b.o ABSOLUTE
    ../clib/microlib/init/entry.s            0x00000000   Number         0  entry11a.o ABSOLUTE
    ../clib/microlib/init/entry.s            0x00000000   Number         0  entry11b.o ABSOLUTE
    ../clib/microlib/init/entry.s            0x00000000   Number         0  entry.o ABSOLUTE
    ../clib/microlib/init/entry.s            0x00000000   Number         0  entry2.o ABSOLUTE
    ../clib/microlib/longlong.c              0x00000000   Number         0  llsshr.o ABSOLUTE
    ../clib/microlib/longlong.c              0x00000000   Number         0  llshl.o ABSOLUTE
    ../clib/microlib/longlong.c              0x00000000   Number         0  llushr.o ABSOLUTE
    ../clib/microlib/malloc/malloc.c         0x00000000   Number         0  mallocra.o ABSOLUTE
    ../clib/microlib/malloc/malloc.c         0x00000000   Number         0  malloca.o ABSOLUTE
    ../clib/microlib/malloc/malloc.c         0x00000000   Number         0  mallocr.o ABSOLUTE
    ../clib/microlib/malloc/malloc.c         0x00000000   Number         0  malloc.o ABSOLUTE
    ../clib/microlib/malloc/mvars.c          0x00000000   Number         0  mvars.o ABSOLUTE
    ../clib/microlib/printf/printf.c         0x00000000   Number         0  printf8.o ABSOLUTE
    ../clib/microlib/printf/printf.c         0x00000000   Number         0  printf6.o ABSOLUTE
    ../clib/microlib/printf/printf.c         0x00000000   Number         0  printfa.o ABSOLUTE
    ../clib/microlib/printf/printf.c         0x00000000   Number         0  printfb.o ABSOLUTE
    ../clib/microlib/printf/printf.c         0x00000000   Number         0  printf0.o ABSOLUTE
    ../clib/microlib/printf/printf.c         0x00000000   Number         0  printf7.o ABSOLUTE
    ../clib/microlib/printf/printf.c         0x00000000   Number         0  printf1.o ABSOLUTE
    ../clib/microlib/printf/printf.c         0x00000000   Number         0  printf2.o ABSOLUTE
    ../clib/microlib/printf/printf.c         0x00000000   Number         0  printf3.o ABSOLUTE
    ../clib/microlib/printf/printf.c         0x00000000   Number         0  printf4.o ABSOLUTE
    ../clib/microlib/printf/printf.c         0x00000000   Number         0  printf5.o ABSOLUTE
    ../clib/microlib/printf/stubs.s          0x00000000   Number         0  stubs.o ABSOLUTE
    ../clib/microlib/string/memcpy.c         0x00000000   Number         0  memcpyb.o ABSOLUTE
    ../clib/microlib/string/memcpy.c         0x00000000   Number         0  memcpya.o ABSOLUTE
    ../clib/microlib/string/memset.c         0x00000000   Number         0  memseta.o ABSOLUTE
    ../clib/microlib/stubs.s                 0x00000000   Number         0  iusefp.o ABSOLUTE
    ../clib/microlib/stubs.s                 0x00000000   Number         0  useno.o ABSOLUTE
    ../fplib/microlib/d2f.c                  0x00000000   Number         0  d2f.o ABSOLUTE
    ../fplib/microlib/f2d.c                  0x00000000   Number         0  f2d.o ABSOLUTE
    ../fplib/microlib/fpadd.c                0x00000000   Number         0  fadd.o ABSOLUTE
    ../fplib/microlib/fpadd.c                0x00000000   Number         0  dadd.o ABSOLUTE
    ../fplib/microlib/fpdiv.c                0x00000000   Number         0  ddiv.o ABSOLUTE
    ../fplib/microlib/fpdiv.c                0x00000000   Number         0  fdiv.o ABSOLUTE
    ../fplib/microlib/fpepilogue.c           0x00000000   Number         0  depilogue.o ABSOLUTE
    ../fplib/microlib/fpepilogue.c           0x00000000   Number         0  fepilogue.o ABSOLUTE
    ../fplib/microlib/fpfix.c                0x00000000   Number         0  dfixul.o ABSOLUTE
    ../fplib/microlib/fpfix.c                0x00000000   Number         0  ffixi.o ABSOLUTE
    ../fplib/microlib/fpfix.c                0x00000000   Number         0  dfixi.o ABSOLUTE
    ../fplib/microlib/fpfix.c                0x00000000   Number         0  dfixui.o ABSOLUTE
    ../fplib/microlib/fpflt.c                0x00000000   Number         0  dfltui.o ABSOLUTE
    ../fplib/microlib/fpflt.c                0x00000000   Number         0  ffltui.o ABSOLUTE
    ../fplib/microlib/fpflt.c                0x00000000   Number         0  fflti.o ABSOLUTE
    ../fplib/microlib/fpflt.c                0x00000000   Number         0  dflti.o ABSOLUTE
    ../fplib/microlib/fpmul.c                0x00000000   Number         0  fmul.o ABSOLUTE
    ../fplib/microlib/fpmul.c                0x00000000   Number         0  dmul.o ABSOLUTE
    ../fplib/microlib/fpscalb.c              0x00000000   Number         0  dscalb.o ABSOLUTE
    ../fplib/microlib/fpsqrt.c               0x00000000   Number         0  dsqrt.o ABSOLUTE
    ../mathlib/acos.c                        0x00000000   Number         0  acos.o ABSOLUTE
    ../mathlib/acos.c                        0x00000000   Number         0  acos_x.o ABSOLUTE
    ../mathlib/atan.c                        0x00000000   Number         0  atan_x.o ABSOLUTE
    ../mathlib/atan.c                        0x00000000   Number         0  atan.o ABSOLUTE
    ../mathlib/cos.c                         0x00000000   Number         0  cos_x.o ABSOLUTE
    ../mathlib/cos.c                         0x00000000   Number         0  cos.o ABSOLUTE
    ../mathlib/cos_i.c                       0x00000000   Number         0  cos_i.o ABSOLUTE
    ../mathlib/dunder.c                      0x00000000   Number         0  dunder.o ABSOLUTE
    ../mathlib/fpclassify.c                  0x00000000   Number         0  fpclassify.o ABSOLUTE
    ../mathlib/poly.c                        0x00000000   Number         0  poly.o ABSOLUTE
    ../mathlib/rred.c                        0x00000000   Number         0  rred.o ABSOLUTE
    ../mathlib/sin.c                         0x00000000   Number         0  sin.o ABSOLUTE
    ../mathlib/sin.c                         0x00000000   Number         0  sin_x.o ABSOLUTE
    ../mathlib/sin_i.c                       0x00000000   Number         0  sin_i_x.o ABSOLUTE
    ../mathlib/sin_i.c                       0x00000000   Number         0  sin_i.o ABSOLUTE
    ../mathlib/sqrt.c                        0x00000000   Number         0  sqrt_x.o ABSOLUTE
    ../mathlib/sqrt.c                        0x00000000   Number         0  sqrt.o ABSOLUTE
    ..\Libraries\CMSIS\Device\ST\STM32F1xx\Source\Templates\arm\startup_stm32f103xe.s 0x00000000   Number         0  startup_stm32f103xe.o ABSOLUTE
    ..\Libraries\CMSIS\Device\ST\STM32F1xx\Source\Templates\system_stm32f1xx.c 0x00000000   Number         0  system_stm32f1xx.o ABSOLUTE
    ..\Libraries\STM32F1xx_HAL_Driver\Src\stm32f1xx_hal.c 0x00000000   Number         0  stm32f1xx_hal.o ABSOLUTE
    ..\Libraries\STM32F1xx_HAL_Driver\Src\stm32f1xx_hal_adc.c 0x00000000   Number         0  stm32f1xx_hal_adc.o ABSOLUTE
    ..\Libraries\STM32F1xx_HAL_Driver\Src\stm32f1xx_hal_adc_ex.c 0x00000000   Number         0  stm32f1xx_hal_adc_ex.o ABSOLUTE
    ..\Libraries\STM32F1xx_HAL_Driver\Src\stm32f1xx_hal_can.c 0x00000000   Number         0  stm32f1xx_hal_can.o ABSOLUTE
    ..\Libraries\STM32F1xx_HAL_Driver\Src\stm32f1xx_hal_cec.c 0x00000000   Number         0  stm32f1xx_hal_cec.o ABSOLUTE
    ..\Libraries\STM32F1xx_HAL_Driver\Src\stm32f1xx_hal_cortex.c 0x00000000   Number         0  stm32f1xx_hal_cortex.o ABSOLUTE
    ..\Libraries\STM32F1xx_HAL_Driver\Src\stm32f1xx_hal_crc.c 0x00000000   Number         0  stm32f1xx_hal_crc.o ABSOLUTE
    ..\Libraries\STM32F1xx_HAL_Driver\Src\stm32f1xx_hal_dac.c 0x00000000   Number         0  stm32f1xx_hal_dac.o ABSOLUTE
    ..\Libraries\STM32F1xx_HAL_Driver\Src\stm32f1xx_hal_dac_ex.c 0x00000000   Number         0  stm32f1xx_hal_dac_ex.o ABSOLUTE
    ..\Libraries\STM32F1xx_HAL_Driver\Src\stm32f1xx_hal_dma.c 0x00000000   Number         0  stm32f1xx_hal_dma.o ABSOLUTE
    ..\Libraries\STM32F1xx_HAL_Driver\Src\stm32f1xx_hal_eth.c 0x00000000   Number         0  stm32f1xx_hal_eth.o ABSOLUTE
    ..\Libraries\STM32F1xx_HAL_Driver\Src\stm32f1xx_hal_flash.c 0x00000000   Number         0  stm32f1xx_hal_flash.o ABSOLUTE
    ..\Libraries\STM32F1xx_HAL_Driver\Src\stm32f1xx_hal_flash_ex.c 0x00000000   Number         0  stm32f1xx_hal_flash_ex.o ABSOLUTE
    ..\Libraries\STM32F1xx_HAL_Driver\Src\stm32f1xx_hal_gpio.c 0x00000000   Number         0  stm32f1xx_hal_gpio.o ABSOLUTE
    ..\Libraries\STM32F1xx_HAL_Driver\Src\stm32f1xx_hal_gpio_ex.c 0x00000000   Number         0  stm32f1xx_hal_gpio_ex.o ABSOLUTE
    ..\Libraries\STM32F1xx_HAL_Driver\Src\stm32f1xx_hal_hcd.c 0x00000000   Number         0  stm32f1xx_hal_hcd.o ABSOLUTE
    ..\Libraries\STM32F1xx_HAL_Driver\Src\stm32f1xx_hal_i2c.c 0x00000000   Number         0  stm32f1xx_hal_i2c.o ABSOLUTE
    ..\Libraries\STM32F1xx_HAL_Driver\Src\stm32f1xx_hal_i2s.c 0x00000000   Number         0  stm32f1xx_hal_i2s.o ABSOLUTE
    ..\Libraries\STM32F1xx_HAL_Driver\Src\stm32f1xx_hal_irda.c 0x00000000   Number         0  stm32f1xx_hal_irda.o ABSOLUTE
    ..\Libraries\STM32F1xx_HAL_Driver\Src\stm32f1xx_hal_iwdg.c 0x00000000   Number         0  stm32f1xx_hal_iwdg.o ABSOLUTE
    ..\Libraries\STM32F1xx_HAL_Driver\Src\stm32f1xx_hal_mmc.c 0x00000000   Number         0  stm32f1xx_hal_mmc.o ABSOLUTE
    ..\Libraries\STM32F1xx_HAL_Driver\Src\stm32f1xx_hal_nand.c 0x00000000   Number         0  stm32f1xx_hal_nand.o ABSOLUTE
    ..\Libraries\STM32F1xx_HAL_Driver\Src\stm32f1xx_hal_nor.c 0x00000000   Number         0  stm32f1xx_hal_nor.o ABSOLUTE
    ..\Libraries\STM32F1xx_HAL_Driver\Src\stm32f1xx_hal_pccard.c 0x00000000   Number         0  stm32f1xx_hal_pccard.o ABSOLUTE
    ..\Libraries\STM32F1xx_HAL_Driver\Src\stm32f1xx_hal_pcd.c 0x00000000   Number         0  stm32f1xx_hal_pcd.o ABSOLUTE
    ..\Libraries\STM32F1xx_HAL_Driver\Src\stm32f1xx_hal_pcd_ex.c 0x00000000   Number         0  stm32f1xx_hal_pcd_ex.o ABSOLUTE
    ..\Libraries\STM32F1xx_HAL_Driver\Src\stm32f1xx_hal_pwr.c 0x00000000   Number         0  stm32f1xx_hal_pwr.o ABSOLUTE
    ..\Libraries\STM32F1xx_HAL_Driver\Src\stm32f1xx_hal_rcc.c 0x00000000   Number         0  stm32f1xx_hal_rcc.o ABSOLUTE
    ..\Libraries\STM32F1xx_HAL_Driver\Src\stm32f1xx_hal_rcc_ex.c 0x00000000   Number         0  stm32f1xx_hal_rcc_ex.o ABSOLUTE
    ..\Libraries\STM32F1xx_HAL_Driver\Src\stm32f1xx_hal_rtc.c 0x00000000   Number         0  stm32f1xx_hal_rtc.o ABSOLUTE
    ..\Libraries\STM32F1xx_HAL_Driver\Src\stm32f1xx_hal_rtc_ex.c 0x00000000   Number         0  stm32f1xx_hal_rtc_ex.o ABSOLUTE
    ..\Libraries\STM32F1xx_HAL_Driver\Src\stm32f1xx_hal_sd.c 0x00000000   Number         0  stm32f1xx_hal_sd.o ABSOLUTE
    ..\Libraries\STM32F1xx_HAL_Driver\Src\stm32f1xx_hal_smartcard.c 0x00000000   Number         0  stm32f1xx_hal_smartcard.o ABSOLUTE
    ..\Libraries\STM32F1xx_HAL_Driver\Src\stm32f1xx_hal_spi.c 0x00000000   Number         0  stm32f1xx_hal_spi.o ABSOLUTE
    ..\Libraries\STM32F1xx_HAL_Driver\Src\stm32f1xx_hal_sram.c 0x00000000   Number         0  stm32f1xx_hal_sram.o ABSOLUTE
    ..\Libraries\STM32F1xx_HAL_Driver\Src\stm32f1xx_hal_tim.c 0x00000000   Number         0  stm32f1xx_hal_tim.o ABSOLUTE
    ..\Libraries\STM32F1xx_HAL_Driver\Src\stm32f1xx_hal_tim_ex.c 0x00000000   Number         0  stm32f1xx_hal_tim_ex.o ABSOLUTE
    ..\Libraries\STM32F1xx_HAL_Driver\Src\stm32f1xx_hal_uart.c 0x00000000   Number         0  stm32f1xx_hal_uart.o ABSOLUTE
    ..\Libraries\STM32F1xx_HAL_Driver\Src\stm32f1xx_hal_usart.c 0x00000000   Number         0  stm32f1xx_hal_usart.o ABSOLUTE
    ..\Libraries\STM32F1xx_HAL_Driver\Src\stm32f1xx_hal_wwdg.c 0x00000000   Number         0  stm32f1xx_hal_wwdg.o ABSOLUTE
    ..\Libraries\STM32F1xx_HAL_Driver\Src\stm32f1xx_ll_fsmc.c 0x00000000   Number         0  stm32f1xx_ll_fsmc.o ABSOLUTE
    ..\Libraries\STM32F1xx_HAL_Driver\Src\stm32f1xx_ll_sdmmc.c 0x00000000   Number         0  stm32f1xx_ll_sdmmc.o ABSOLUTE
    ..\Libraries\STM32F1xx_HAL_Driver\Src\stm32f1xx_ll_usb.c 0x00000000   Number         0  stm32f1xx_ll_usb.o ABSOLUTE
    ..\User\coredelay\core_delay.c           0x00000000   Number         0  core_delay.o ABSOLUTE
    ..\User\key\bsp_key.c                    0x00000000   Number         0  bsp_key.o ABSOLUTE
    ..\User\main.c                           0x00000000   Number         0  main.o ABSOLUTE
    ..\User\math\math_method.c               0x00000000   Number         0  math_method.o ABSOLUTE
    ..\User\stepper\bsp_stepper_init.c       0x00000000   Number         0  bsp_stepper_init.o ABSOLUTE
    ..\User\stm32f1xx_it.c                   0x00000000   Number         0  stm32f1xx_it.o ABSOLUTE
    ..\User\tim\bsp_general_tim.c            0x00000000   Number         0  bsp_general_tim.o ABSOLUTE
    ..\User\usart\bsp_debug_usart.c          0x00000000   Number         0  bsp_debug_usart.o ABSOLUTE
    ..\\Libraries\\CMSIS\\Device\\ST\\STM32F1xx\\Source\\Templates\\system_stm32f1xx.c 0x00000000   Number         0  system_stm32f1xx.o ABSOLUTE
    ..\\Libraries\\STM32F1xx_HAL_Driver\\Src\\stm32f1xx_hal.c 0x00000000   Number         0  stm32f1xx_hal.o ABSOLUTE
    ..\\Libraries\\STM32F1xx_HAL_Driver\\Src\\stm32f1xx_hal_adc.c 0x00000000   Number         0  stm32f1xx_hal_adc.o ABSOLUTE
    ..\\Libraries\\STM32F1xx_HAL_Driver\\Src\\stm32f1xx_hal_adc_ex.c 0x00000000   Number         0  stm32f1xx_hal_adc_ex.o ABSOLUTE
    ..\\Libraries\\STM32F1xx_HAL_Driver\\Src\\stm32f1xx_hal_can.c 0x00000000   Number         0  stm32f1xx_hal_can.o ABSOLUTE
    ..\\Libraries\\STM32F1xx_HAL_Driver\\Src\\stm32f1xx_hal_cec.c 0x00000000   Number         0  stm32f1xx_hal_cec.o ABSOLUTE
    ..\\Libraries\\STM32F1xx_HAL_Driver\\Src\\stm32f1xx_hal_cortex.c 0x00000000   Number         0  stm32f1xx_hal_cortex.o ABSOLUTE
    ..\\Libraries\\STM32F1xx_HAL_Driver\\Src\\stm32f1xx_hal_crc.c 0x00000000   Number         0  stm32f1xx_hal_crc.o ABSOLUTE
    ..\\Libraries\\STM32F1xx_HAL_Driver\\Src\\stm32f1xx_hal_dac.c 0x00000000   Number         0  stm32f1xx_hal_dac.o ABSOLUTE
    ..\\Libraries\\STM32F1xx_HAL_Driver\\Src\\stm32f1xx_hal_dac_ex.c 0x00000000   Number         0  stm32f1xx_hal_dac_ex.o ABSOLUTE
    ..\\Libraries\\STM32F1xx_HAL_Driver\\Src\\stm32f1xx_hal_dma.c 0x00000000   Number         0  stm32f1xx_hal_dma.o ABSOLUTE
    ..\\Libraries\\STM32F1xx_HAL_Driver\\Src\\stm32f1xx_hal_eth.c 0x00000000   Number         0  stm32f1xx_hal_eth.o ABSOLUTE
    ..\\Libraries\\STM32F1xx_HAL_Driver\\Src\\stm32f1xx_hal_flash.c 0x00000000   Number         0  stm32f1xx_hal_flash.o ABSOLUTE
    ..\\Libraries\\STM32F1xx_HAL_Driver\\Src\\stm32f1xx_hal_flash_ex.c 0x00000000   Number         0  stm32f1xx_hal_flash_ex.o ABSOLUTE
    ..\\Libraries\\STM32F1xx_HAL_Driver\\Src\\stm32f1xx_hal_gpio.c 0x00000000   Number         0  stm32f1xx_hal_gpio.o ABSOLUTE
    ..\\Libraries\\STM32F1xx_HAL_Driver\\Src\\stm32f1xx_hal_gpio_ex.c 0x00000000   Number         0  stm32f1xx_hal_gpio_ex.o ABSOLUTE
    ..\\Libraries\\STM32F1xx_HAL_Driver\\Src\\stm32f1xx_hal_hcd.c 0x00000000   Number         0  stm32f1xx_hal_hcd.o ABSOLUTE
    ..\\Libraries\\STM32F1xx_HAL_Driver\\Src\\stm32f1xx_hal_i2c.c 0x00000000   Number         0  stm32f1xx_hal_i2c.o ABSOLUTE
    ..\\Libraries\\STM32F1xx_HAL_Driver\\Src\\stm32f1xx_hal_i2s.c 0x00000000   Number         0  stm32f1xx_hal_i2s.o ABSOLUTE
    ..\\Libraries\\STM32F1xx_HAL_Driver\\Src\\stm32f1xx_hal_irda.c 0x00000000   Number         0  stm32f1xx_hal_irda.o ABSOLUTE
    ..\\Libraries\\STM32F1xx_HAL_Driver\\Src\\stm32f1xx_hal_iwdg.c 0x00000000   Number         0  stm32f1xx_hal_iwdg.o ABSOLUTE
    ..\\Libraries\\STM32F1xx_HAL_Driver\\Src\\stm32f1xx_hal_mmc.c 0x00000000   Number         0  stm32f1xx_hal_mmc.o ABSOLUTE
    ..\\Libraries\\STM32F1xx_HAL_Driver\\Src\\stm32f1xx_hal_nand.c 0x00000000   Number         0  stm32f1xx_hal_nand.o ABSOLUTE
    ..\\Libraries\\STM32F1xx_HAL_Driver\\Src\\stm32f1xx_hal_nor.c 0x00000000   Number         0  stm32f1xx_hal_nor.o ABSOLUTE
    ..\\Libraries\\STM32F1xx_HAL_Driver\\Src\\stm32f1xx_hal_pccard.c 0x00000000   Number         0  stm32f1xx_hal_pccard.o ABSOLUTE
    ..\\Libraries\\STM32F1xx_HAL_Driver\\Src\\stm32f1xx_hal_pcd.c 0x00000000   Number         0  stm32f1xx_hal_pcd.o ABSOLUTE
    ..\\Libraries\\STM32F1xx_HAL_Driver\\Src\\stm32f1xx_hal_pcd_ex.c 0x00000000   Number         0  stm32f1xx_hal_pcd_ex.o ABSOLUTE
    ..\\Libraries\\STM32F1xx_HAL_Driver\\Src\\stm32f1xx_hal_pwr.c 0x00000000   Number         0  stm32f1xx_hal_pwr.o ABSOLUTE
    ..\\Libraries\\STM32F1xx_HAL_Driver\\Src\\stm32f1xx_hal_rcc.c 0x00000000   Number         0  stm32f1xx_hal_rcc.o ABSOLUTE
    ..\\Libraries\\STM32F1xx_HAL_Driver\\Src\\stm32f1xx_hal_rcc_ex.c 0x00000000   Number         0  stm32f1xx_hal_rcc_ex.o ABSOLUTE
    ..\\Libraries\\STM32F1xx_HAL_Driver\\Src\\stm32f1xx_hal_rtc.c 0x00000000   Number         0  stm32f1xx_hal_rtc.o ABSOLUTE
    ..\\Libraries\\STM32F1xx_HAL_Driver\\Src\\stm32f1xx_hal_rtc_ex.c 0x00000000   Number         0  stm32f1xx_hal_rtc_ex.o ABSOLUTE
    ..\\Libraries\\STM32F1xx_HAL_Driver\\Src\\stm32f1xx_hal_sd.c 0x00000000   Number         0  stm32f1xx_hal_sd.o ABSOLUTE
    ..\\Libraries\\STM32F1xx_HAL_Driver\\Src\\stm32f1xx_hal_smartcard.c 0x00000000   Number         0  stm32f1xx_hal_smartcard.o ABSOLUTE
    ..\\Libraries\\STM32F1xx_HAL_Driver\\Src\\stm32f1xx_hal_spi.c 0x00000000   Number         0  stm32f1xx_hal_spi.o ABSOLUTE
    ..\\Libraries\\STM32F1xx_HAL_Driver\\Src\\stm32f1xx_hal_sram.c 0x00000000   Number         0  stm32f1xx_hal_sram.o ABSOLUTE
    ..\\Libraries\\STM32F1xx_HAL_Driver\\Src\\stm32f1xx_hal_tim.c 0x00000000   Number         0  stm32f1xx_hal_tim.o ABSOLUTE
    ..\\Libraries\\STM32F1xx_HAL_Driver\\Src\\stm32f1xx_hal_tim_ex.c 0x00000000   Number         0  stm32f1xx_hal_tim_ex.o ABSOLUTE
    ..\\Libraries\\STM32F1xx_HAL_Driver\\Src\\stm32f1xx_hal_uart.c 0x00000000   Number         0  stm32f1xx_hal_uart.o ABSOLUTE
    ..\\Libraries\\STM32F1xx_HAL_Driver\\Src\\stm32f1xx_hal_usart.c 0x00000000   Number         0  stm32f1xx_hal_usart.o ABSOLUTE
    ..\\Libraries\\STM32F1xx_HAL_Driver\\Src\\stm32f1xx_hal_wwdg.c 0x00000000   Number         0  stm32f1xx_hal_wwdg.o ABSOLUTE
    ..\\Libraries\\STM32F1xx_HAL_Driver\\Src\\stm32f1xx_ll_fsmc.c 0x00000000   Number         0  stm32f1xx_ll_fsmc.o ABSOLUTE
    ..\\Libraries\\STM32F1xx_HAL_Driver\\Src\\stm32f1xx_ll_sdmmc.c 0x00000000   Number         0  stm32f1xx_ll_sdmmc.o ABSOLUTE
    ..\\Libraries\\STM32F1xx_HAL_Driver\\Src\\stm32f1xx_ll_usb.c 0x00000000   Number         0  stm32f1xx_ll_usb.o ABSOLUTE
    ..\\User\\coredelay\\core_delay.c        0x00000000   Number         0  core_delay.o ABSOLUTE
    ..\\User\\key\\bsp_key.c                 0x00000000   Number         0  bsp_key.o ABSOLUTE
    ..\\User\\main.c                         0x00000000   Number         0  main.o ABSOLUTE
    ..\\User\\math\\math_method.c            0x00000000   Number         0  math_method.o ABSOLUTE
    ..\\User\\stepper\\bsp_stepper_init.c    0x00000000   Number         0  bsp_stepper_init.o ABSOLUTE
    ..\\User\\stm32f1xx_it.c                 0x00000000   Number         0  stm32f1xx_it.o ABSOLUTE
    ..\\User\\tim\\bsp_general_tim.c         0x00000000   Number         0  bsp_general_tim.o ABSOLUTE
    ..\\User\\usart\\bsp_debug_usart.c       0x00000000   Number         0  bsp_debug_usart.o ABSOLUTE
    cdcmple.s                                0x00000000   Number         0  cdcmple.o ABSOLUTE
    cdrcmple.s                               0x00000000   Number         0  cdrcmple.o ABSOLUTE
    cfcmple.s                                0x00000000   Number         0  cfcmple.o ABSOLUTE
    cfrcmple.s                               0x00000000   Number         0  cfrcmple.o ABSOLUTE
    dc.s                                     0x00000000   Number         0  dc.o ABSOLUTE
    handlers.s                               0x00000000   Number         0  handlers.o ABSOLUTE
    init.s                                   0x00000000   Number         0  init.o ABSOLUTE
    RESET                                    0x08000000   Section      304  startup_stm32f103xe.o(RESET)
    .ARM.Collect$$$$00000000                 0x08000130   Section        0  entry.o(.ARM.Collect$$$$00000000)
    .ARM.Collect$$$$00000001                 0x08000130   Section        4  entry2.o(.ARM.Collect$$$$00000001)
    .ARM.Collect$$$$00000004                 0x08000134   Section        4  entry5.o(.ARM.Collect$$$$00000004)
    .ARM.Collect$$$$00000008                 0x08000138   Section        0  entry7b.o(.ARM.Collect$$$$00000008)
    .ARM.Collect$$$$0000000A                 0x08000138   Section        0  entry8b.o(.ARM.Collect$$$$0000000A)
    .ARM.Collect$$$$0000000B                 0x08000138   Section        8  entry9a.o(.ARM.Collect$$$$0000000B)
    .ARM.Collect$$$$0000000D                 0x08000140   Section        0  entry10a.o(.ARM.Collect$$$$0000000D)
    .ARM.Collect$$$$0000000F                 0x08000140   Section        0  entry11a.o(.ARM.Collect$$$$0000000F)
    .ARM.Collect$$$$00002712                 0x08000140   Section        4  entry2.o(.ARM.Collect$$$$00002712)
    __lit__00000000                          0x08000140   Data           4  entry2.o(.ARM.Collect$$$$00002712)
    .text                                    0x08000144   Section       36  startup_stm32f103xe.o(.text)
    .text                                    0x08000168   Section        0  llushr.o(.text)
    .text                                    0x08000188   Section        0  memseta.o(.text)
    .text                                    0x080001ac   Section        0  dadd.o(.text)
    .text                                    0x080002fa   Section        0  dmul.o(.text)
    .text                                    0x080003de   Section        0  ddiv.o(.text)
    .text                                    0x080004bc   Section       48  cdrcmple.o(.text)
    .text                                    0x080004ec   Section        0  uidiv.o(.text)
    .text                                    0x08000518   Section        0  uldiv.o(.text)
    .text                                    0x0800057a   Section        0  llshl.o(.text)
    .text                                    0x08000598   Section        0  llsshr.o(.text)
    .text                                    0x080005bc   Section        0  iusefp.o(.text)
    .text                                    0x080005bc   Section        0  depilogue.o(.text)
    .text                                    0x08000676   Section        0  dfixul.o(.text)
    .text                                    0x080006a8   Section       36  init.o(.text)
    i.BusFault_Handler                       0x080006cc   Section        0  stm32f1xx_it.o(i.BusFault_Handler)
    i.DebugMon_Handler                       0x080006d0   Section        0  stm32f1xx_it.o(i.DebugMon_Handler)
    i.HAL_DMA_Abort_IT                       0x080006d4   Section        0  stm32f1xx_hal_dma.o(i.HAL_DMA_Abort_IT)
    i.HAL_GPIO_Init                          0x0800087c   Section        0  stm32f1xx_hal_gpio.o(i.HAL_GPIO_Init)
    i.HAL_GetTick                            0x08000bbc   Section        0  core_delay.o(i.HAL_GetTick)
    i.HAL_IncTick                            0x08000bd8   Section        0  stm32f1xx_hal.o(i.HAL_IncTick)
    i.HAL_Init                               0x08000bf0   Section        0  stm32f1xx_hal.o(i.HAL_Init)
    i.HAL_InitTick                           0x08000c18   Section        0  core_delay.o(i.HAL_InitTick)
    i.HAL_MspInit                            0x08000c44   Section        0  stm32f1xx_hal.o(i.HAL_MspInit)
    i.HAL_NVIC_EnableIRQ                     0x08000c46   Section        0  stm32f1xx_hal_cortex.o(i.HAL_NVIC_EnableIRQ)
    i.HAL_NVIC_SetPriority                   0x08000c66   Section        0  stm32f1xx_hal_cortex.o(i.HAL_NVIC_SetPriority)
    i.HAL_NVIC_SetPriorityGrouping           0x08000ce4   Section        0  stm32f1xx_hal_cortex.o(i.HAL_NVIC_SetPriorityGrouping)
    i.HAL_RCC_ClockConfig                    0x08000d0c   Section        0  stm32f1xx_hal_rcc.o(i.HAL_RCC_ClockConfig)
    i.HAL_RCC_GetHCLKFreq                    0x08000e98   Section        0  stm32f1xx_hal_rcc.o(i.HAL_RCC_GetHCLKFreq)
    i.HAL_RCC_GetPCLK1Freq                   0x08000ea4   Section        0  stm32f1xx_hal_rcc.o(i.HAL_RCC_GetPCLK1Freq)
    i.HAL_RCC_GetPCLK2Freq                   0x08000ec4   Section        0  stm32f1xx_hal_rcc.o(i.HAL_RCC_GetPCLK2Freq)
    i.HAL_RCC_GetSysClockFreq                0x08000ee4   Section        0  stm32f1xx_hal_rcc.o(i.HAL_RCC_GetSysClockFreq)
    i.HAL_RCC_OscConfig                      0x08000f78   Section        0  stm32f1xx_hal_rcc.o(i.HAL_RCC_OscConfig)
    i.HAL_TIMEx_MasterConfigSynchronization  0x080013dc   Section        0  stm32f1xx_hal_tim_ex.o(i.HAL_TIMEx_MasterConfigSynchronization)
    i.HAL_TIM_Base_Init                      0x08001430   Section        0  stm32f1xx_hal_tim.o(i.HAL_TIM_Base_Init)
    i.HAL_TIM_Base_MspInit                   0x08001464   Section        0  stm32f1xx_hal_tim.o(i.HAL_TIM_Base_MspInit)
    i.HAL_TIM_ConfigClockSource              0x08001466   Section        0  stm32f1xx_hal_tim.o(i.HAL_TIM_ConfigClockSource)
    i.HAL_TIM_PWM_ConfigChannel              0x0800156e   Section        0  stm32f1xx_hal_tim.o(i.HAL_TIM_PWM_ConfigChannel)
    i.HAL_TIM_PWM_Start                      0x08001678   Section        0  stm32f1xx_hal_tim.o(i.HAL_TIM_PWM_Start)
    i.HAL_UART_ErrorCallback                 0x080016d0   Section        0  stm32f1xx_hal_uart.o(i.HAL_UART_ErrorCallback)
    i.HAL_UART_GetState                      0x080016d2   Section        0  stm32f1xx_hal_uart.o(i.HAL_UART_GetState)
    i.HAL_UART_IRQHandler                    0x080016e8   Section        0  stm32f1xx_hal_uart.o(i.HAL_UART_IRQHandler)
    i.HAL_UART_Init                          0x08001834   Section        0  stm32f1xx_hal_uart.o(i.HAL_UART_Init)
    i.HAL_UART_MspInit                       0x080018a8   Section        0  bsp_debug_usart.o(i.HAL_UART_MspInit)
    i.HAL_UART_Receive_IT                    0x08001a84   Section        0  stm32f1xx_hal_uart.o(i.HAL_UART_Receive_IT)
    i.HAL_UART_RxCpltCallback                0x08001af4   Section        0  bsp_debug_usart.o(i.HAL_UART_RxCpltCallback)
    i.HAL_UART_TxCpltCallback                0x08001c90   Section        0  stm32f1xx_hal_uart.o(i.HAL_UART_TxCpltCallback)
    i.HardFault_Handler                      0x08001c92   Section        0  stm32f1xx_it.o(i.HardFault_Handler)
    i.Key_GPIO_Config                        0x08001c98   Section        0  bsp_key.o(i.Key_GPIO_Config)
    i.MemManage_Handler                      0x08001d04   Section        0  stm32f1xx_it.o(i.MemManage_Handler)
    i.NMI_Handler                            0x08001d08   Section        0  stm32f1xx_it.o(i.NMI_Handler)
    i.PendSV_Handler                         0x08001d0a   Section        0  stm32f1xx_it.o(i.PendSV_Handler)
    i.RCC_Delay                              0x08001d0c   Section        0  stm32f1xx_hal_rcc.o(i.RCC_Delay)
    RCC_Delay                                0x08001d0d   Thumb Code    36  stm32f1xx_hal_rcc.o(i.RCC_Delay)
    i.SVC_Handler                            0x08001d34   Section        0  stm32f1xx_it.o(i.SVC_Handler)
    i.SysTick_Handler                        0x08001d36   Section        0  stm32f1xx_it.o(i.SysTick_Handler)
    i.SystemClock_Config                     0x08001d3e   Section        0  main.o(i.SystemClock_Config)
    SystemClock_Config                       0x08001d3f   Thumb Code    96  main.o(i.SystemClock_Config)
    i.SystemInit                             0x08001da0   Section        0  system_stm32f1xx.o(i.SystemInit)
    i.TIM2_PWMOUTPUT_Config                  0x08001df8   Section        0  bsp_general_tim.o(i.TIM2_PWMOUTPUT_Config)
    TIM2_PWMOUTPUT_Config                    0x08001df9   Thumb Code   148  bsp_general_tim.o(i.TIM2_PWMOUTPUT_Config)
    i.TIM4_PWMOUTPUT_Config                  0x08001e94   Section        0  bsp_general_tim.o(i.TIM4_PWMOUTPUT_Config)
    TIM4_PWMOUTPUT_Config                    0x08001e95   Thumb Code   184  bsp_general_tim.o(i.TIM4_PWMOUTPUT_Config)
    i.TIM_Base_SetConfig                     0x08001f58   Section        0  stm32f1xx_hal_tim.o(i.TIM_Base_SetConfig)
    i.TIM_CCxChannelCmd                      0x08001ff4   Section        0  stm32f1xx_hal_tim.o(i.TIM_CCxChannelCmd)
    i.TIM_ETR_SetConfig                      0x08002016   Section        0  stm32f1xx_hal_tim.o(i.TIM_ETR_SetConfig)
    i.TIM_ITRx_SetConfig                     0x0800202c   Section        0  stm32f1xx_hal_tim.o(i.TIM_ITRx_SetConfig)
    TIM_ITRx_SetConfig                       0x0800202d   Thumb Code    18  stm32f1xx_hal_tim.o(i.TIM_ITRx_SetConfig)
    i.TIM_OC1_SetConfig                      0x08002040   Section        0  stm32f1xx_hal_tim.o(i.TIM_OC1_SetConfig)
    TIM_OC1_SetConfig                        0x08002041   Thumb Code   104  stm32f1xx_hal_tim.o(i.TIM_OC1_SetConfig)
    i.TIM_OC2_SetConfig                      0x080020b0   Section        0  stm32f1xx_hal_tim.o(i.TIM_OC2_SetConfig)
    i.TIM_OC3_SetConfig                      0x0800212c   Section        0  stm32f1xx_hal_tim.o(i.TIM_OC3_SetConfig)
    TIM_OC3_SetConfig                        0x0800212d   Thumb Code   112  stm32f1xx_hal_tim.o(i.TIM_OC3_SetConfig)
    i.TIM_OC4_SetConfig                      0x080021a4   Section        0  stm32f1xx_hal_tim.o(i.TIM_OC4_SetConfig)
    TIM_OC4_SetConfig                        0x080021a5   Thumb Code    74  stm32f1xx_hal_tim.o(i.TIM_OC4_SetConfig)
    i.TIM_TI1_ConfigInputStage               0x080021f8   Section        0  stm32f1xx_hal_tim.o(i.TIM_TI1_ConfigInputStage)
    TIM_TI1_ConfigInputStage                 0x080021f9   Thumb Code    38  stm32f1xx_hal_tim.o(i.TIM_TI1_ConfigInputStage)
    i.TIM_TI2_ConfigInputStage               0x0800221e   Section        0  stm32f1xx_hal_tim.o(i.TIM_TI2_ConfigInputStage)
    TIM_TI2_ConfigInputStage                 0x0800221f   Thumb Code    40  stm32f1xx_hal_tim.o(i.TIM_TI2_ConfigInputStage)
    i.TIMx_Configuration                     0x08002246   Section        0  bsp_general_tim.o(i.TIMx_Configuration)
    i.TIMx_GPIO_Config                       0x08002258   Section        0  bsp_general_tim.o(i.TIMx_GPIO_Config)
    TIMx_GPIO_Config                         0x08002259   Thumb Code   148  bsp_general_tim.o(i.TIMx_GPIO_Config)
    i.UART_DMAAbortOnError                   0x080022fc   Section        0  stm32f1xx_hal_uart.o(i.UART_DMAAbortOnError)
    UART_DMAAbortOnError                     0x080022fd   Thumb Code    20  stm32f1xx_hal_uart.o(i.UART_DMAAbortOnError)
    i.UART_EndRxTransfer                     0x08002310   Section        0  stm32f1xx_hal_uart.o(i.UART_EndRxTransfer)
    UART_EndRxTransfer                       0x08002311   Thumb Code    32  stm32f1xx_hal_uart.o(i.UART_EndRxTransfer)
    i.UART_EndTransmit_IT                    0x08002330   Section        0  stm32f1xx_hal_uart.o(i.UART_EndTransmit_IT)
    UART_EndTransmit_IT                      0x08002331   Thumb Code    32  stm32f1xx_hal_uart.o(i.UART_EndTransmit_IT)
    i.UART_Receive_IT                        0x08002350   Section        0  stm32f1xx_hal_uart.o(i.UART_Receive_IT)
    UART_Receive_IT                          0x08002351   Thumb Code   166  stm32f1xx_hal_uart.o(i.UART_Receive_IT)
    i.UART_SetConfig                         0x080023f8   Section        0  stm32f1xx_hal_uart.o(i.UART_SetConfig)
    UART_SetConfig                           0x080023f9   Thumb Code   412  stm32f1xx_hal_uart.o(i.UART_SetConfig)
    i.UART_Transmit_IT                       0x08002598   Section        0  stm32f1xx_hal_uart.o(i.UART_Transmit_IT)
    UART_Transmit_IT                         0x08002599   Thumb Code   104  stm32f1xx_hal_uart.o(i.UART_Transmit_IT)
    i.USART1_IRQHandler                      0x08002600   Section        0  bsp_debug_usart.o(i.USART1_IRQHandler)
    i.USART2_IRQHandler                      0x08002640   Section        0  bsp_debug_usart.o(i.USART2_IRQHandler)
    i.USART3_IRQHandler                      0x08002680   Section        0  bsp_debug_usart.o(i.USART3_IRQHandler)
    i.UsageFault_Handler                     0x080026c0   Section        0  stm32f1xx_it.o(i.UsageFault_Handler)
    i.__0printf                              0x080026c4   Section        0  printfa.o(i.__0printf)
    i.__NVIC_GetPriorityGrouping             0x080026e4   Section        0  stm32f1xx_hal_cortex.o(i.__NVIC_GetPriorityGrouping)
    __NVIC_GetPriorityGrouping               0x080026e5   Thumb Code    10  stm32f1xx_hal_cortex.o(i.__NVIC_GetPriorityGrouping)
    i.__NVIC_SetPriority                     0x080026f4   Section        0  stm32f1xx_hal_cortex.o(i.__NVIC_SetPriority)
    __NVIC_SetPriority                       0x080026f5   Thumb Code    32  stm32f1xx_hal_cortex.o(i.__NVIC_SetPriority)
    i.__scatterload_copy                     0x0800271c   Section       14  handlers.o(i.__scatterload_copy)
    i.__scatterload_null                     0x0800272a   Section        2  handlers.o(i.__scatterload_null)
    i.__scatterload_zeroinit                 0x0800272c   Section       14  handlers.o(i.__scatterload_zeroinit)
    i._fp_digits                             0x0800273c   Section        0  printfa.o(i._fp_digits)
    _fp_digits                               0x0800273d   Thumb Code   334  printfa.o(i._fp_digits)
    i._printf_core                           0x080028a0   Section        0  printfa.o(i._printf_core)
    _printf_core                             0x080028a1   Thumb Code  1744  printfa.o(i._printf_core)
    i._printf_post_padding                   0x08002f7c   Section        0  printfa.o(i._printf_post_padding)
    _printf_post_padding                     0x08002f7d   Thumb Code    36  printfa.o(i._printf_post_padding)
    i._printf_pre_padding                    0x08002fa0   Section        0  printfa.o(i._printf_pre_padding)
    _printf_pre_padding                      0x08002fa1   Thumb Code    46  printfa.o(i._printf_pre_padding)
    i.fputc                                  0x08002fd0   Section        0  bsp_debug_usart.o(i.fputc)
    i.main                                   0x08002fec   Section        0  main.o(i.main)
    i.malloc                                 0x08003040   Section        0  malloc.o(i.malloc)
    i.raspberry_communication                0x080030ac   Section        0  bsp_debug_usart.o(i.raspberry_communication)
    i.raspberry_extracts                     0x08003168   Section        0  bsp_debug_usart.o(i.raspberry_extracts)
    i.uart1_init                             0x08003218   Section        0  bsp_debug_usart.o(i.uart1_init)
    i.uart2_init                             0x08003250   Section        0  bsp_debug_usart.o(i.uart2_init)
    i.uart3_init                             0x08003288   Section        0  bsp_debug_usart.o(i.uart3_init)
    .constdata                               0x080032c0   Section       24  system_stm32f1xx.o(.constdata)
    .data                                    0x20000000   Section        4  system_stm32f1xx.o(.data)
    .data                                    0x20000004   Section        9  stm32f1xx_hal.o(.data)
    .data                                    0x20000010   Section       32  bsp_debug_usart.o(.data)
    .data                                    0x20000030   Section        4  mvars.o(.data)
    .data                                    0x20000034   Section        4  mvars.o(.data)
    .bss                                     0x20000038   Section      792  bsp_debug_usart.o(.bss)
    .bss                                     0x20000350   Section      128  bsp_general_tim.o(.bss)
    HEAP                                     0x200003d0   Section      512  startup_stm32f103xe.o(HEAP)
    STACK                                    0x200005d0   Section     1024  startup_stm32f103xe.o(STACK)

    Global Symbols

    Symbol Name                              Value     Ov Type        Size  Object(Section)

    BuildAttributes$$THM_ISAv4$P$D$K$B$S$PE$A:L22UL41UL21$X:L11$S22US41US21$IEEE1$IW$USESV6$~STKCKD$USESV7$~SHL$OTIME$ROPI$IEEEX$EBA8$MICROLIB$REQ8$PRES8$EABIv2 0x00000000   Number         0  anon$$obj.o ABSOLUTE
    __ARM_use_no_argv                        0x00000000   Number         0  main.o ABSOLUTE
    __use_no_errno                           0x00000000   Number         0  useno.o ABSOLUTE
    __use_no_exception_handling              0x00000000   Number         0  useno.o ABSOLUTE
    __use_no_fp                              0x00000000   Number         0  useno.o ABSOLUTE
    __use_no_heap                            0x00000000   Number         0  useno.o ABSOLUTE
    __use_no_heap_region                     0x00000000   Number         0  useno.o ABSOLUTE
    __use_no_semihosting                     0x00000000   Number         0  useno.o ABSOLUTE
    __use_no_semihosting_swi                 0x00000000   Number         0  useno.o ABSOLUTE
    __use_no_signal_handling                 0x00000000   Number         0  useno.o ABSOLUTE
    _printf_a                                0x00000000   Number         0  stubs.o ABSOLUTE
    _printf_c                                0x00000000   Number         0  stubs.o ABSOLUTE
    _printf_charcount                        0x00000000   Number         0  stubs.o ABSOLUTE
    _printf_d                                0x00000000   Number         0  stubs.o ABSOLUTE
    _printf_e                                0x00000000   Number         0  stubs.o ABSOLUTE
    _printf_f                                0x00000000   Number         0  stubs.o ABSOLUTE
    _printf_flags                            0x00000000   Number         0  stubs.o ABSOLUTE
    _printf_fp_dec                           0x00000000   Number         0  stubs.o ABSOLUTE
    _printf_fp_hex                           0x00000000   Number         0  stubs.o ABSOLUTE
    _printf_g                                0x00000000   Number         0  stubs.o ABSOLUTE
    _printf_i                                0x00000000   Number         0  stubs.o ABSOLUTE
    _printf_int_dec                          0x00000000   Number         0  stubs.o ABSOLUTE
    _printf_l                                0x00000000   Number         0  stubs.o ABSOLUTE
    _printf_lc                               0x00000000   Number         0  stubs.o ABSOLUTE
    _printf_ll                               0x00000000   Number         0  stubs.o ABSOLUTE
    _printf_lld                              0x00000000   Number         0  stubs.o ABSOLUTE
    _printf_lli                              0x00000000   Number         0  stubs.o ABSOLUTE
    _printf_llo                              0x00000000   Number         0  stubs.o ABSOLUTE
    _printf_llu                              0x00000000   Number         0  stubs.o ABSOLUTE
    _printf_llx                              0x00000000   Number         0  stubs.o ABSOLUTE
    _printf_longlong_dec                     0x00000000   Number         0  stubs.o ABSOLUTE
    _printf_longlong_hex                     0x00000000   Number         0  stubs.o ABSOLUTE
    _printf_longlong_oct                     0x00000000   Number         0  stubs.o ABSOLUTE
    _printf_ls                               0x00000000   Number         0  stubs.o ABSOLUTE
    _printf_mbtowc                           0x00000000   Number         0  stubs.o ABSOLUTE
    _printf_n                                0x00000000   Number         0  stubs.o ABSOLUTE
    _printf_o                                0x00000000   Number         0  stubs.o ABSOLUTE
    _printf_p                                0x00000000   Number         0  stubs.o ABSOLUTE
    _printf_percent                          0x00000000   Number         0  stubs.o ABSOLUTE
    _printf_pre_padding                      0x00000000   Number         0  stubs.o ABSOLUTE
    _printf_return_value                     0x00000000   Number         0  stubs.o ABSOLUTE
    _printf_s                                0x00000000   Number         0  stubs.o ABSOLUTE
    _printf_sizespec                         0x00000000   Number         0  stubs.o ABSOLUTE
    _printf_str                              0x00000000   Number         0  stubs.o ABSOLUTE
    _printf_truncate_signed                  0x00000000   Number         0  stubs.o ABSOLUTE
    _printf_truncate_unsigned                0x00000000   Number         0  stubs.o ABSOLUTE
    _printf_u                                0x00000000   Number         0  stubs.o ABSOLUTE
    _printf_wc                               0x00000000   Number         0  stubs.o ABSOLUTE
    _printf_wctomb                           0x00000000   Number         0  stubs.o ABSOLUTE
    _printf_widthprec                        0x00000000   Number         0  stubs.o ABSOLUTE
    _printf_x                                0x00000000   Number         0  stubs.o ABSOLUTE
    __cpp_initialize__aeabi_                  - Undefined Weak Reference
    __cxa_finalize                            - Undefined Weak Reference
    __decompress                              - Undefined Weak Reference
    _clock_init                               - Undefined Weak Reference
    _microlib_exit                            - Undefined Weak Reference
    __Vectors_Size                           0x00000130   Number         0  startup_stm32f103xe.o ABSOLUTE
    __Vectors                                0x08000000   Data           4  startup_stm32f103xe.o(RESET)
    __Vectors_End                            0x08000130   Data           0  startup_stm32f103xe.o(RESET)
    __main                                   0x08000131   Thumb Code     0  entry.o(.ARM.Collect$$$$00000000)
    _main_stk                                0x08000131   Thumb Code     0  entry2.o(.ARM.Collect$$$$00000001)
    _main_scatterload                        0x08000135   Thumb Code     0  entry5.o(.ARM.Collect$$$$00000004)
    __main_after_scatterload                 0x08000139   Thumb Code     0  entry5.o(.ARM.Collect$$$$00000004)
    _main_clock                              0x08000139   Thumb Code     0  entry7b.o(.ARM.Collect$$$$00000008)
    _main_cpp_init                           0x08000139   Thumb Code     0  entry8b.o(.ARM.Collect$$$$0000000A)
    _main_init                               0x08000139   Thumb Code     0  entry9a.o(.ARM.Collect$$$$0000000B)
    __rt_final_cpp                           0x08000141   Thumb Code     0  entry10a.o(.ARM.Collect$$$$0000000D)
    __rt_final_exit                          0x08000141   Thumb Code     0  entry11a.o(.ARM.Collect$$$$0000000F)
    Reset_Handler                            0x08000145   Thumb Code     8  startup_stm32f103xe.o(.text)
    ADC1_2_IRQHandler                        0x0800015f   Thumb Code     0  startup_stm32f103xe.o(.text)
    ADC3_IRQHandler                          0x0800015f   Thumb Code     0  startup_stm32f103xe.o(.text)
    CAN1_RX1_IRQHandler                      0x0800015f   Thumb Code     0  startup_stm32f103xe.o(.text)
    CAN1_SCE_IRQHandler                      0x0800015f   Thumb Code     0  startup_stm32f103xe.o(.text)
    DMA1_Channel1_IRQHandler                 0x0800015f   Thumb Code     0  startup_stm32f103xe.o(.text)
    DMA1_Channel2_IRQHandler                 0x0800015f   Thumb Code     0  startup_stm32f103xe.o(.text)
    DMA1_Channel3_IRQHandler                 0x0800015f   Thumb Code     0  startup_stm32f103xe.o(.text)
    DMA1_Channel4_IRQHandler                 0x0800015f   Thumb Code     0  startup_stm32f103xe.o(.text)
    DMA1_Channel5_IRQHandler                 0x0800015f   Thumb Code     0  startup_stm32f103xe.o(.text)
    DMA1_Channel6_IRQHandler                 0x0800015f   Thumb Code     0  startup_stm32f103xe.o(.text)
    DMA1_Channel7_IRQHandler                 0x0800015f   Thumb Code     0  startup_stm32f103xe.o(.text)
    DMA2_Channel1_IRQHandler                 0x0800015f   Thumb Code     0  startup_stm32f103xe.o(.text)
    DMA2_Channel2_IRQHandler                 0x0800015f   Thumb Code     0  startup_stm32f103xe.o(.text)
    DMA2_Channel3_IRQHandler                 0x0800015f   Thumb Code     0  startup_stm32f103xe.o(.text)
    DMA2_Channel4_5_IRQHandler               0x0800015f   Thumb Code     0  startup_stm32f103xe.o(.text)
    EXTI0_IRQHandler                         0x0800015f   Thumb Code     0  startup_stm32f103xe.o(.text)
    EXTI15_10_IRQHandler                     0x0800015f   Thumb Code     0  startup_stm32f103xe.o(.text)
    EXTI1_IRQHandler                         0x0800015f   Thumb Code     0  startup_stm32f103xe.o(.text)
    EXTI2_IRQHandler                         0x0800015f   Thumb Code     0  startup_stm32f103xe.o(.text)
    EXTI3_IRQHandler                         0x0800015f   Thumb Code     0  startup_stm32f103xe.o(.text)
    EXTI4_IRQHandler                         0x0800015f   Thumb Code     0  startup_stm32f103xe.o(.text)
    EXTI9_5_IRQHandler                       0x0800015f   Thumb Code     0  startup_stm32f103xe.o(.text)
    FLASH_IRQHandler                         0x0800015f   Thumb Code     0  startup_stm32f103xe.o(.text)
    FSMC_IRQHandler                          0x0800015f   Thumb Code     0  startup_stm32f103xe.o(.text)
    I2C1_ER_IRQHandler                       0x0800015f   Thumb Code     0  startup_stm32f103xe.o(.text)
    I2C1_EV_IRQHandler                       0x0800015f   Thumb Code     0  startup_stm32f103xe.o(.text)
    I2C2_ER_IRQHandler                       0x0800015f   Thumb Code     0  startup_stm32f103xe.o(.text)
    I2C2_EV_IRQHandler                       0x0800015f   Thumb Code     0  startup_stm32f103xe.o(.text)
    PVD_IRQHandler                           0x0800015f   Thumb Code     0  startup_stm32f103xe.o(.text)
    RCC_IRQHandler                           0x0800015f   Thumb Code     0  startup_stm32f103xe.o(.text)
    RTC_Alarm_IRQHandler                     0x0800015f   Thumb Code     0  startup_stm32f103xe.o(.text)
    RTC_IRQHandler                           0x0800015f   Thumb Code     0  startup_stm32f103xe.o(.text)
    SDIO_IRQHandler                          0x0800015f   Thumb Code     0  startup_stm32f103xe.o(.text)
    SPI1_IRQHandler                          0x0800015f   Thumb Code     0  startup_stm32f103xe.o(.text)
    SPI2_IRQHandler                          0x0800015f   Thumb Code     0  startup_stm32f103xe.o(.text)
    SPI3_IRQHandler                          0x0800015f   Thumb Code     0  startup_stm32f103xe.o(.text)
    TAMPER_IRQHandler                        0x0800015f   Thumb Code     0  startup_stm32f103xe.o(.text)
    TIM1_BRK_IRQHandler                      0x0800015f   Thumb Code     0  startup_stm32f103xe.o(.text)
    TIM1_CC_IRQHandler                       0x0800015f   Thumb Code     0  startup_stm32f103xe.o(.text)
    TIM1_TRG_COM_IRQHandler                  0x0800015f   Thumb Code     0  startup_stm32f103xe.o(.text)
    TIM1_UP_IRQHandler                       0x0800015f   Thumb Code     0  startup_stm32f103xe.o(.text)
    TIM2_IRQHandler                          0x0800015f   Thumb Code     0  startup_stm32f103xe.o(.text)
    TIM3_IRQHandler                          0x0800015f   Thumb Code     0  startup_stm32f103xe.o(.text)
    TIM4_IRQHandler                          0x0800015f   Thumb Code     0  startup_stm32f103xe.o(.text)
    TIM5_IRQHandler                          0x0800015f   Thumb Code     0  startup_stm32f103xe.o(.text)
    TIM6_IRQHandler                          0x0800015f   Thumb Code     0  startup_stm32f103xe.o(.text)
    TIM7_IRQHandler                          0x0800015f   Thumb Code     0  startup_stm32f103xe.o(.text)
    TIM8_BRK_IRQHandler                      0x0800015f   Thumb Code     0  startup_stm32f103xe.o(.text)
    TIM8_CC_IRQHandler                       0x0800015f   Thumb Code     0  startup_stm32f103xe.o(.text)
    TIM8_TRG_COM_IRQHandler                  0x0800015f   Thumb Code     0  startup_stm32f103xe.o(.text)
    TIM8_UP_IRQHandler                       0x0800015f   Thumb Code     0  startup_stm32f103xe.o(.text)
    UART4_IRQHandler                         0x0800015f   Thumb Code     0  startup_stm32f103xe.o(.text)
    UART5_IRQHandler                         0x0800015f   Thumb Code     0  startup_stm32f103xe.o(.text)
    USBWakeUp_IRQHandler                     0x0800015f   Thumb Code     0  startup_stm32f103xe.o(.text)
    USB_HP_CAN1_TX_IRQHandler                0x0800015f   Thumb Code     0  startup_stm32f103xe.o(.text)
    USB_LP_CAN1_RX0_IRQHandler               0x0800015f   Thumb Code     0  startup_stm32f103xe.o(.text)
    WWDG_IRQHandler                          0x0800015f   Thumb Code     0  startup_stm32f103xe.o(.text)
    __aeabi_llsr                             0x08000169   Thumb Code    32  llushr.o(.text)
    _ll_ushift_r                             0x08000169   Thumb Code     0  llushr.o(.text)
    __aeabi_memset                           0x08000189   Thumb Code    14  memseta.o(.text)
    __aeabi_memset4                          0x08000189   Thumb Code     0  memseta.o(.text)
    __aeabi_memset8                          0x08000189   Thumb Code     0  memseta.o(.text)
    __aeabi_memclr                           0x08000197   Thumb Code     4  memseta.o(.text)
    __aeabi_memclr4                          0x08000197   Thumb Code     0  memseta.o(.text)
    __aeabi_memclr8                          0x08000197   Thumb Code     0  memseta.o(.text)
    _memset$wrapper                          0x0800019b   Thumb Code    18  memseta.o(.text)
    __aeabi_dadd                             0x080001ad   Thumb Code   322  dadd.o(.text)
    __aeabi_dsub                             0x080002ef   Thumb Code     6  dadd.o(.text)
    __aeabi_drsub                            0x080002f5   Thumb Code     6  dadd.o(.text)
    __aeabi_dmul                             0x080002fb   Thumb Code   228  dmul.o(.text)
    __aeabi_ddiv                             0x080003df   Thumb Code   222  ddiv.o(.text)
    __aeabi_cdrcmple                         0x080004bd   Thumb Code    48  cdrcmple.o(.text)
    __aeabi_uidiv                            0x080004ed   Thumb Code     0  uidiv.o(.text)
    __aeabi_uidivmod                         0x080004ed   Thumb Code    44  uidiv.o(.text)
    __aeabi_uldivmod                         0x08000519   Thumb Code    98  uldiv.o(.text)
    __aeabi_llsl                             0x0800057b   Thumb Code    30  llshl.o(.text)
    _ll_shift_l                              0x0800057b   Thumb Code     0  llshl.o(.text)
    __aeabi_lasr                             0x08000599   Thumb Code    36  llsshr.o(.text)
    _ll_sshift_r                             0x08000599   Thumb Code     0  llsshr.o(.text)
    __I$use$fp                               0x080005bd   Thumb Code     0  iusefp.o(.text)
    _double_round                            0x080005bd   Thumb Code    30  depilogue.o(.text)
    _double_epilogue                         0x080005db   Thumb Code   156  depilogue.o(.text)
    __aeabi_d2ulz                            0x08000677   Thumb Code    48  dfixul.o(.text)
    __scatterload                            0x080006a9   Thumb Code    28  init.o(.text)
    __scatterload_rt2                        0x080006a9   Thumb Code     0  init.o(.text)
    BusFault_Handler                         0x080006cd   Thumb Code     4  stm32f1xx_it.o(i.BusFault_Handler)
    DebugMon_Handler                         0x080006d1   Thumb Code     2  stm32f1xx_it.o(i.DebugMon_Handler)
    HAL_DMA_Abort_IT                         0x080006d5   Thumb Code   414  stm32f1xx_hal_dma.o(i.HAL_DMA_Abort_IT)
    HAL_GPIO_Init                            0x0800087d   Thumb Code   792  stm32f1xx_hal_gpio.o(i.HAL_GPIO_Init)
    HAL_GetTick                              0x08000bbd   Thumb Code    18  core_delay.o(i.HAL_GetTick)
    HAL_IncTick                              0x08000bd9   Thumb Code    16  stm32f1xx_hal.o(i.HAL_IncTick)
    HAL_Init                                 0x08000bf1   Thumb Code    34  stm32f1xx_hal.o(i.HAL_Init)
    HAL_InitTick                             0x08000c19   Thumb Code    34  core_delay.o(i.HAL_InitTick)
    HAL_MspInit                              0x08000c45   Thumb Code     2  stm32f1xx_hal.o(i.HAL_MspInit)
    HAL_NVIC_EnableIRQ                       0x08000c47   Thumb Code    32  stm32f1xx_hal_cortex.o(i.HAL_NVIC_EnableIRQ)
    HAL_NVIC_SetPriority                     0x08000c67   Thumb Code   124  stm32f1xx_hal_cortex.o(i.HAL_NVIC_SetPriority)
    HAL_NVIC_SetPriorityGrouping             0x08000ce5   Thumb Code    32  stm32f1xx_hal_cortex.o(i.HAL_NVIC_SetPriorityGrouping)
    HAL_RCC_ClockConfig                      0x08000d0d   Thumb Code   376  stm32f1xx_hal_rcc.o(i.HAL_RCC_ClockConfig)
    HAL_RCC_GetHCLKFreq                      0x08000e99   Thumb Code     6  stm32f1xx_hal_rcc.o(i.HAL_RCC_GetHCLKFreq)
    HAL_RCC_GetPCLK1Freq                     0x08000ea5   Thumb Code    22  stm32f1xx_hal_rcc.o(i.HAL_RCC_GetPCLK1Freq)
    HAL_RCC_GetPCLK2Freq                     0x08000ec5   Thumb Code    22  stm32f1xx_hal_rcc.o(i.HAL_RCC_GetPCLK2Freq)
    HAL_RCC_GetSysClockFreq                  0x08000ee5   Thumb Code   116  stm32f1xx_hal_rcc.o(i.HAL_RCC_GetSysClockFreq)
    HAL_RCC_OscConfig                        0x08000f79   Thumb Code  1114  stm32f1xx_hal_rcc.o(i.HAL_RCC_OscConfig)
    HAL_TIMEx_MasterConfigSynchronization    0x080013dd   Thumb Code    84  stm32f1xx_hal_tim_ex.o(i.HAL_TIMEx_MasterConfigSynchronization)
    HAL_TIM_Base_Init                        0x08001431   Thumb Code    52  stm32f1xx_hal_tim.o(i.HAL_TIM_Base_Init)
    HAL_TIM_Base_MspInit                     0x08001465   Thumb Code     2  stm32f1xx_hal_tim.o(i.HAL_TIM_Base_MspInit)
    HAL_TIM_ConfigClockSource                0x08001467   Thumb Code   264  stm32f1xx_hal_tim.o(i.HAL_TIM_ConfigClockSource)
    HAL_TIM_PWM_ConfigChannel                0x0800156f   Thumb Code   264  stm32f1xx_hal_tim.o(i.HAL_TIM_PWM_ConfigChannel)
    HAL_TIM_PWM_Start                        0x08001679   Thumb Code    80  stm32f1xx_hal_tim.o(i.HAL_TIM_PWM_Start)
    HAL_UART_ErrorCallback                   0x080016d1   Thumb Code     2  stm32f1xx_hal_uart.o(i.HAL_UART_ErrorCallback)
    HAL_UART_GetState                        0x080016d3   Thumb Code    20  stm32f1xx_hal_uart.o(i.HAL_UART_GetState)
    HAL_UART_IRQHandler                      0x080016e9   Thumb Code   326  stm32f1xx_hal_uart.o(i.HAL_UART_IRQHandler)
    HAL_UART_Init                            0x08001835   Thumb Code   114  stm32f1xx_hal_uart.o(i.HAL_UART_Init)
    HAL_UART_MspInit                         0x080018a9   Thumb Code   450  bsp_debug_usart.o(i.HAL_UART_MspInit)
    HAL_UART_Receive_IT                      0x08001a85   Thumb Code   112  stm32f1xx_hal_uart.o(i.HAL_UART_Receive_IT)
    HAL_UART_RxCpltCallback                  0x08001af5   Thumb Code   364  bsp_debug_usart.o(i.HAL_UART_RxCpltCallback)
    HAL_UART_TxCpltCallback                  0x08001c91   Thumb Code     2  stm32f1xx_hal_uart.o(i.HAL_UART_TxCpltCallback)
    HardFault_Handler                        0x08001c93   Thumb Code     4  stm32f1xx_it.o(i.HardFault_Handler)
    Key_GPIO_Config                          0x08001c99   Thumb Code    94  bsp_key.o(i.Key_GPIO_Config)
    MemManage_Handler                        0x08001d05   Thumb Code     4  stm32f1xx_it.o(i.MemManage_Handler)
    NMI_Handler                              0x08001d09   Thumb Code     2  stm32f1xx_it.o(i.NMI_Handler)
    PendSV_Handler                           0x08001d0b   Thumb Code     2  stm32f1xx_it.o(i.PendSV_Handler)
    SVC_Handler                              0x08001d35   Thumb Code     2  stm32f1xx_it.o(i.SVC_Handler)
    SysTick_Handler                          0x08001d37   Thumb Code     8  stm32f1xx_it.o(i.SysTick_Handler)
    SystemInit                               0x08001da1   Thumb Code    70  system_stm32f1xx.o(i.SystemInit)
    TIM_Base_SetConfig                       0x08001f59   Thumb Code   134  stm32f1xx_hal_tim.o(i.TIM_Base_SetConfig)
    TIM_CCxChannelCmd                        0x08001ff5   Thumb Code    34  stm32f1xx_hal_tim.o(i.TIM_CCxChannelCmd)
    TIM_ETR_SetConfig                        0x08002017   Thumb Code    22  stm32f1xx_hal_tim.o(i.TIM_ETR_SetConfig)
    TIM_OC2_SetConfig                        0x080020b1   Thumb Code   114  stm32f1xx_hal_tim.o(i.TIM_OC2_SetConfig)
    TIMx_Configuration                       0x08002247   Thumb Code    16  bsp_general_tim.o(i.TIMx_Configuration)
    USART1_IRQHandler                        0x08002601   Thumb Code    56  bsp_debug_usart.o(i.USART1_IRQHandler)
    USART2_IRQHandler                        0x08002641   Thumb Code    56  bsp_debug_usart.o(i.USART2_IRQHandler)
    USART3_IRQHandler                        0x08002681   Thumb Code    56  bsp_debug_usart.o(i.USART3_IRQHandler)
    UsageFault_Handler                       0x080026c1   Thumb Code     4  stm32f1xx_it.o(i.UsageFault_Handler)
    __0printf                                0x080026c5   Thumb Code    22  printfa.o(i.__0printf)
    __1printf                                0x080026c5   Thumb Code     0  printfa.o(i.__0printf)
    __2printf                                0x080026c5   Thumb Code     0  printfa.o(i.__0printf)
    __c89printf                              0x080026c5   Thumb Code     0  printfa.o(i.__0printf)
    printf                                   0x080026c5   Thumb Code     0  printfa.o(i.__0printf)
    __scatterload_copy                       0x0800271d   Thumb Code    14  handlers.o(i.__scatterload_copy)
    __scatterload_null                       0x0800272b   Thumb Code     2  handlers.o(i.__scatterload_null)
    __scatterload_zeroinit                   0x0800272d   Thumb Code    14  handlers.o(i.__scatterload_zeroinit)
    fputc                                    0x08002fd1   Thumb Code    24  bsp_debug_usart.o(i.fputc)
    main                                     0x08002fed   Thumb Code    80  main.o(i.main)
    malloc                                   0x08003041   Thumb Code    92  malloc.o(i.malloc)
    raspberry_communication                  0x080030ad   Thumb Code   158  bsp_debug_usart.o(i.raspberry_communication)
    raspberry_extracts                       0x08003169   Thumb Code   146  bsp_debug_usart.o(i.raspberry_extracts)
    uart1_init                               0x08003219   Thumb Code    44  bsp_debug_usart.o(i.uart1_init)
    uart2_init                               0x08003251   Thumb Code    44  bsp_debug_usart.o(i.uart2_init)
    uart3_init                               0x08003289   Thumb Code    44  bsp_debug_usart.o(i.uart3_init)
    AHBPrescTable                            0x080032c0   Data          16  system_stm32f1xx.o(.constdata)
    APBPrescTable                            0x080032d0   Data           8  system_stm32f1xx.o(.constdata)
    Region$$Table$$Base                      0x080032d8   Number         0  anon$$obj.o(Region$$Table)
    Region$$Table$$Limit                     0x080032f8   Number         0  anon$$obj.o(Region$$Table)
    SystemCoreClock                          0x20000000   Data           4  system_stm32f1xx.o(.data)
    uwTick                                   0x20000004   Data           4  stm32f1xx_hal.o(.data)
    uwTickPrio                               0x20000008   Data           4  stm32f1xx_hal.o(.data)
    uwTickFreq                               0x2000000c   Data           1  stm32f1xx_hal.o(.data)
    __stdout                                 0x20000010   Data           4  bsp_debug_usart.o(.data)
    t                                        0x20000014   Data           2  bsp_debug_usart.o(.data)
    USART1_aRxBuffer                         0x20000016   Data           1  bsp_debug_usart.o(.data)
    USART1_RX_STA                            0x20000018   Data           2  bsp_debug_usart.o(.data)
    USART2_aRxBuffer                         0x2000001a   Data           1  bsp_debug_usart.o(.data)
    USART2_RX_STA                            0x2000001c   Data           2  bsp_debug_usart.o(.data)
    USART3_aRxBuffer                         0x2000001e   Data           1  bsp_debug_usart.o(.data)
    USART3_RX_STA                            0x20000020   Data           2  bsp_debug_usart.o(.data)
    raspberry_len                            0x20000022   Data           1  bsp_debug_usart.o(.data)
    rapberry_BUF                             0x20000024   Data           4  bsp_debug_usart.o(.data)
    tof_len                                  0x20000028   Data           1  bsp_debug_usart.o(.data)
    tof_BUF                                  0x2000002c   Data           4  bsp_debug_usart.o(.data)
    __microlib_freelist                      0x20000030   Data           4  mvars.o(.data)
    __microlib_freelist_initialised          0x20000034   Data           4  mvars.o(.data)
    USART1_RX_BUF                            0x20000038   Data         200  bsp_debug_usart.o(.bss)
    USART2_RX_BUF                            0x20000100   Data         200  bsp_debug_usart.o(.bss)
    USART3_RX_BUF                            0x200001c8   Data         200  bsp_debug_usart.o(.bss)
    UART1_Handler                            0x20000290   Data          64  bsp_debug_usart.o(.bss)
    UART2_Handler                            0x200002d0   Data          64  bsp_debug_usart.o(.bss)
    UART3_Handler                            0x20000310   Data          64  bsp_debug_usart.o(.bss)
    TIM_TimeBaseStructure4                   0x20000350   Data          64  bsp_general_tim.o(.bss)
    TIM_TimeBaseStructure2                   0x20000390   Data          64  bsp_general_tim.o(.bss)
    __heap_base                              0x200003d0   Data           0  startup_stm32f103xe.o(HEAP)
    __heap_limit                             0x200005d0   Data           0  startup_stm32f103xe.o(HEAP)
    __initial_sp                             0x200009d0   Data           0  startup_stm32f103xe.o(STACK)



==============================================================================

Memory Map of the image

  Image Entry point : 0x08000131

  Load Region LR_IROM1 (Base: 0x08000000, Size: 0x00003330, Max: 0x00080000, ABSOLUTE)

    Execution Region ER_IROM1 (Base: 0x08000000, Size: 0x000032f8, Max: 0x00080000, ABSOLUTE)

    Base Addr    Size         Type   Attr      Idx    E Section Name        Object

    0x08000000   0x00000130   Data   RO            3    RESET               startup_stm32f103xe.o
    0x08000130   0x00000000   Code   RO         7694  * .ARM.Collect$$$$00000000  mc_w.l(entry.o)
    0x08000130   0x00000004   Code   RO         8062    .ARM.Collect$$$$00000001  mc_w.l(entry2.o)
    0x08000134   0x00000004   Code   RO         8065    .ARM.Collect$$$$00000004  mc_w.l(entry5.o)
    0x08000138   0x00000000   Code   RO         8067    .ARM.Collect$$$$00000008  mc_w.l(entry7b.o)
    0x08000138   0x00000000   Code   RO         8069    .ARM.Collect$$$$0000000A  mc_w.l(entry8b.o)
    0x08000138   0x00000008   Code   RO         8070    .ARM.Collect$$$$0000000B  mc_w.l(entry9a.o)
    0x08000140   0x00000000   Code   RO         8072    .ARM.Collect$$$$0000000D  mc_w.l(entry10a.o)
    0x08000140   0x00000000   Code   RO         8074    .ARM.Collect$$$$0000000F  mc_w.l(entry11a.o)
    0x08000140   0x00000004   Code   RO         8063    .ARM.Collect$$$$00002712  mc_w.l(entry2.o)
    0x08000144   0x00000024   Code   RO            4    .text               startup_stm32f103xe.o
    0x08000168   0x00000020   Code   RO         7697    .text               mc_w.l(llushr.o)
    0x08000188   0x00000024   Code   RO         7701    .text               mc_w.l(memseta.o)
    0x080001ac   0x0000014e   Code   RO         8000    .text               mf_w.l(dadd.o)
    0x080002fa   0x000000e4   Code   RO         8002    .text               mf_w.l(dmul.o)
    0x080003de   0x000000de   Code   RO         8004    .text               mf_w.l(ddiv.o)
    0x080004bc   0x00000030   Code   RO         8022    .text               mf_w.l(cdrcmple.o)
    0x080004ec   0x0000002c   Code   RO         8076    .text               mc_w.l(uidiv.o)
    0x08000518   0x00000062   Code   RO         8078    .text               mc_w.l(uldiv.o)
    0x0800057a   0x0000001e   Code   RO         8080    .text               mc_w.l(llshl.o)
    0x08000598   0x00000024   Code   RO         8082    .text               mc_w.l(llsshr.o)
    0x080005bc   0x00000000   Code   RO         8093    .text               mc_w.l(iusefp.o)
    0x080005bc   0x000000ba   Code   RO         8096    .text               mf_w.l(depilogue.o)
    0x08000676   0x00000030   Code   RO         8102    .text               mf_w.l(dfixul.o)
    0x080006a6   0x00000002   PAD
    0x080006a8   0x00000024   Code   RO         8104    .text               mc_w.l(init.o)
    0x080006cc   0x00000004   Code   RO         7163    i.BusFault_Handler  stm32f1xx_it.o
    0x080006d0   0x00000002   Code   RO         7164    i.DebugMon_Handler  stm32f1xx_it.o
    0x080006d2   0x00000002   PAD
    0x080006d4   0x000001a8   Code   RO         1327    i.HAL_DMA_Abort_IT  stm32f1xx_hal_dma.o
    0x0800087c   0x00000340   Code   RO         1650    i.HAL_GPIO_Init     stm32f1xx_hal_gpio.o
    0x08000bbc   0x0000001c   Code   RO         7504    i.HAL_GetTick       core_delay.o
    0x08000bd8   0x00000018   Code   RO          226    i.HAL_IncTick       stm32f1xx_hal.o
    0x08000bf0   0x00000028   Code   RO          227    i.HAL_Init          stm32f1xx_hal.o
    0x08000c18   0x0000002c   Code   RO         7505    i.HAL_InitTick      core_delay.o
    0x08000c44   0x00000002   Code   RO          230    i.HAL_MspInit       stm32f1xx_hal.o
    0x08000c46   0x00000020   Code   RO          917    i.HAL_NVIC_EnableIRQ  stm32f1xx_hal_cortex.o
    0x08000c66   0x0000007c   Code   RO          923    i.HAL_NVIC_SetPriority  stm32f1xx_hal_cortex.o
    0x08000ce2   0x00000002   PAD
    0x08000ce4   0x00000028   Code   RO          924    i.HAL_NVIC_SetPriorityGrouping  stm32f1xx_hal_cortex.o
    0x08000d0c   0x0000018c   Code   RO         3519    i.HAL_RCC_ClockConfig  stm32f1xx_hal_rcc.o
    0x08000e98   0x0000000c   Code   RO         3524    i.HAL_RCC_GetHCLKFreq  stm32f1xx_hal_rcc.o
    0x08000ea4   0x00000020   Code   RO         3526    i.HAL_RCC_GetPCLK1Freq  stm32f1xx_hal_rcc.o
    0x08000ec4   0x00000020   Code   RO         3527    i.HAL_RCC_GetPCLK2Freq  stm32f1xx_hal_rcc.o
    0x08000ee4   0x00000094   Code   RO         3528    i.HAL_RCC_GetSysClockFreq  stm32f1xx_hal_rcc.o
    0x08000f78   0x00000464   Code   RO         3531    i.HAL_RCC_OscConfig  stm32f1xx_hal_rcc.o
    0x080013dc   0x00000054   Code   RO         5625    i.HAL_TIMEx_MasterConfigSynchronization  stm32f1xx_hal_tim_ex.o
    0x08001430   0x00000034   Code   RO         4921    i.HAL_TIM_Base_Init  stm32f1xx_hal_tim.o
    0x08001464   0x00000002   Code   RO         4923    i.HAL_TIM_Base_MspInit  stm32f1xx_hal_tim.o
    0x08001466   0x00000108   Code   RO         4930    i.HAL_TIM_ConfigClockSource  stm32f1xx_hal_tim.o
    0x0800156e   0x00000108   Code   RO         4988    i.HAL_TIM_PWM_ConfigChannel  stm32f1xx_hal_tim.o
    0x08001676   0x00000002   PAD
    0x08001678   0x00000058   Code   RO         4996    i.HAL_TIM_PWM_Start  stm32f1xx_hal_tim.o
    0x080016d0   0x00000002   Code   RO         5879    i.HAL_UART_ErrorCallback  stm32f1xx_hal_uart.o
    0x080016d2   0x00000014   Code   RO         5881    i.HAL_UART_GetState  stm32f1xx_hal_uart.o
    0x080016e6   0x00000002   PAD
    0x080016e8   0x0000014c   Code   RO         5882    i.HAL_UART_IRQHandler  stm32f1xx_hal_uart.o
    0x08001834   0x00000072   Code   RO         5883    i.HAL_UART_Init     stm32f1xx_hal_uart.o
    0x080018a6   0x00000002   PAD
    0x080018a8   0x000001dc   Code   RO         7247    i.HAL_UART_MspInit  bsp_debug_usart.o
    0x08001a84   0x00000070   Code   RO         5888    i.HAL_UART_Receive_IT  stm32f1xx_hal_uart.o
    0x08001af4   0x0000019c   Code   RO         7248    i.HAL_UART_RxCpltCallback  bsp_debug_usart.o
    0x08001c90   0x00000002   Code   RO         5894    i.HAL_UART_TxCpltCallback  stm32f1xx_hal_uart.o
    0x08001c92   0x00000004   Code   RO         7165    i.HardFault_Handler  stm32f1xx_it.o
    0x08001c96   0x00000002   PAD
    0x08001c98   0x0000006c   Code   RO         7469    i.Key_GPIO_Config   bsp_key.o
    0x08001d04   0x00000004   Code   RO         7166    i.MemManage_Handler  stm32f1xx_it.o
    0x08001d08   0x00000002   Code   RO         7167    i.NMI_Handler       stm32f1xx_it.o
    0x08001d0a   0x00000002   Code   RO         7168    i.PendSV_Handler    stm32f1xx_it.o
    0x08001d0c   0x00000028   Code   RO         3532    i.RCC_Delay         stm32f1xx_hal_rcc.o
    0x08001d34   0x00000002   Code   RO         7169    i.SVC_Handler       stm32f1xx_it.o
    0x08001d36   0x00000008   Code   RO         7170    i.SysTick_Handler   stm32f1xx_it.o
    0x08001d3e   0x00000060   Code   RO         7103    i.SystemClock_Config  main.o
    0x08001d9e   0x00000002   PAD
    0x08001da0   0x00000058   Code   RO           14    i.SystemInit        system_stm32f1xx.o
    0x08001df8   0x0000009c   Code   RO         7366    i.TIM2_PWMOUTPUT_Config  bsp_general_tim.o
    0x08001e94   0x000000c4   Code   RO         7370    i.TIM4_PWMOUTPUT_Config  bsp_general_tim.o
    0x08001f58   0x0000009c   Code   RO         5009    i.TIM_Base_SetConfig  stm32f1xx_hal_tim.o
    0x08001ff4   0x00000022   Code   RO         5010    i.TIM_CCxChannelCmd  stm32f1xx_hal_tim.o
    0x08002016   0x00000016   Code   RO         5020    i.TIM_ETR_SetConfig  stm32f1xx_hal_tim.o
    0x0800202c   0x00000012   Code   RO         5021    i.TIM_ITRx_SetConfig  stm32f1xx_hal_tim.o
    0x0800203e   0x00000002   PAD
    0x08002040   0x00000070   Code   RO         5022    i.TIM_OC1_SetConfig  stm32f1xx_hal_tim.o
    0x080020b0   0x0000007c   Code   RO         5023    i.TIM_OC2_SetConfig  stm32f1xx_hal_tim.o
    0x0800212c   0x00000078   Code   RO         5024    i.TIM_OC3_SetConfig  stm32f1xx_hal_tim.o
    0x080021a4   0x00000054   Code   RO         5025    i.TIM_OC4_SetConfig  stm32f1xx_hal_tim.o
    0x080021f8   0x00000026   Code   RO         5027    i.TIM_TI1_ConfigInputStage  stm32f1xx_hal_tim.o
    0x0800221e   0x00000028   Code   RO         5029    i.TIM_TI2_ConfigInputStage  stm32f1xx_hal_tim.o
    0x08002246   0x00000010   Code   RO         7374    i.TIMx_Configuration  bsp_general_tim.o
    0x08002256   0x00000002   PAD
    0x08002258   0x000000a4   Code   RO         7375    i.TIMx_GPIO_Config  bsp_general_tim.o
    0x080022fc   0x00000014   Code   RO         5896    i.UART_DMAAbortOnError  stm32f1xx_hal_uart.o
    0x08002310   0x00000020   Code   RO         5906    i.UART_EndRxTransfer  stm32f1xx_hal_uart.o
    0x08002330   0x00000020   Code   RO         5907    i.UART_EndTransmit_IT  stm32f1xx_hal_uart.o
    0x08002350   0x000000a6   Code   RO         5909    i.UART_Receive_IT   stm32f1xx_hal_uart.o
    0x080023f6   0x00000002   PAD
    0x080023f8   0x000001a0   Code   RO         5910    i.UART_SetConfig    stm32f1xx_hal_uart.o
    0x08002598   0x00000068   Code   RO         5911    i.UART_Transmit_IT  stm32f1xx_hal_uart.o
    0x08002600   0x00000040   Code   RO         7249    i.USART1_IRQHandler  bsp_debug_usart.o
    0x08002640   0x00000040   Code   RO         7250    i.USART2_IRQHandler  bsp_debug_usart.o
    0x08002680   0x00000040   Code   RO         7251    i.USART3_IRQHandler  bsp_debug_usart.o
    0x080026c0   0x00000004   Code   RO         7171    i.UsageFault_Handler  stm32f1xx_it.o
    0x080026c4   0x00000020   Code   RO         7938    i.__0printf         mc_w.l(printfa.o)
    0x080026e4   0x00000010   Code   RO          930    i.__NVIC_GetPriorityGrouping  stm32f1xx_hal_cortex.o
    0x080026f4   0x00000028   Code   RO          931    i.__NVIC_SetPriority  stm32f1xx_hal_cortex.o
    0x0800271c   0x0000000e   Code   RO         8110    i.__scatterload_copy  mc_w.l(handlers.o)
    0x0800272a   0x00000002   Code   RO         8111    i.__scatterload_null  mc_w.l(handlers.o)
    0x0800272c   0x0000000e   Code   RO         8112    i.__scatterload_zeroinit  mc_w.l(handlers.o)
    0x0800273a   0x00000002   PAD
    0x0800273c   0x00000164   Code   RO         7945    i._fp_digits        mc_w.l(printfa.o)
    0x080028a0   0x000006dc   Code   RO         7946    i._printf_core      mc_w.l(printfa.o)
    0x08002f7c   0x00000024   Code   RO         7947    i._printf_post_padding  mc_w.l(printfa.o)
    0x08002fa0   0x0000002e   Code   RO         7948    i._printf_pre_padding  mc_w.l(printfa.o)
    0x08002fce   0x00000002   PAD
    0x08002fd0   0x0000001c   Code   RO         7253    i.fputc             bsp_debug_usart.o
    0x08002fec   0x00000054   Code   RO         7104    i.main              main.o
    0x08003040   0x0000006c   Code   RO         7967    i.malloc            mc_w.l(malloc.o)
    0x080030ac   0x000000bc   Code   RO         7254    i.raspberry_communication  bsp_debug_usart.o
    0x08003168   0x000000b0   Code   RO         7255    i.raspberry_extracts  bsp_debug_usart.o
    0x08003218   0x00000038   Code   RO         7258    i.uart1_init        bsp_debug_usart.o
    0x08003250   0x00000038   Code   RO         7259    i.uart2_init        bsp_debug_usart.o
    0x08003288   0x00000038   Code   RO         7260    i.uart3_init        bsp_debug_usart.o
    0x080032c0   0x00000018   Data   RO           15    .constdata          system_stm32f1xx.o
    0x080032d8   0x00000020   Data   RO         8108    Region$$Table       anon$$obj.o


    Execution Region RW_IRAM1 (Base: 0x20000000, Size: 0x000009d0, Max: 0x00010000, ABSOLUTE)

    Base Addr    Size         Type   Attr      Idx    E Section Name        Object

    0x20000000   0x00000004   Data   RW           16    .data               system_stm32f1xx.o
    0x20000004   0x00000009   Data   RW          234    .data               stm32f1xx_hal.o
    0x2000000d   0x00000003   PAD
    0x20000010   0x00000020   Data   RW         7262    .data               bsp_debug_usart.o
    0x20000030   0x00000004   Data   RW         8084    .data               mc_w.l(mvars.o)
    0x20000034   0x00000004   Data   RW         8085    .data               mc_w.l(mvars.o)
    0x20000038   0x00000318   Zero   RW         7261    .bss                bsp_debug_usart.o
    0x20000350   0x00000080   Zero   RW         7379    .bss                bsp_general_tim.o
    0x200003d0   0x00000200   Zero   RW            2    HEAP                startup_stm32f103xe.o
    0x200005d0   0x00000400   Zero   RW            1    STACK               startup_stm32f103xe.o


==============================================================================

Image component sizes


      Code (inc. data)   RO Data    RW Data    ZI Data      Debug   Object Name

      1640        198          0         32        792       9343   bsp_debug_usart.o
       532         36          0          0        128       3189   bsp_general_tim.o
       108         14          0          0          0        870   bsp_key.o
        72         20          0          0          0        973   core_delay.o
       180          4          0          0          0       1711   main.o
        36          8        304          0       1536        912   startup_stm32f103xe.o
        66         14          0          9          0       5178   stm32f1xx_hal.o
       252         22          0          0          0      28642   stm32f1xx_hal_cortex.o
       424         10          0          0          0       1215   stm32f1xx_hal_dma.o
       832         40          0          0          0       2060   stm32f1xx_hal_gpio.o
      1784        110          0          0          0       5976   stm32f1xx_hal_rcc.o
      1418         66          0          0          0      10892   stm32f1xx_hal_tim.o
        84          0          0          0          0       1256   stm32f1xx_hal_tim_ex.o
      1352         10          0          0          0       8211   stm32f1xx_hal_uart.o
        32          0          0          0          0       3762   stm32f1xx_it.o
        88         18         24          4          0     482195   system_stm32f1xx.o

    ----------------------------------------------------------------------
      8920        570        360         48       2456     566385   Object Totals
         0          0         32          0          0          0   (incl. Generated)
        20          0          0          3          0          0   (incl. Padding)

    ----------------------------------------------------------------------

      Code (inc. data)   RO Data    RW Data    ZI Data      Debug   Library Member Name

         0          0          0          0          0          0   entry.o
         0          0          0          0          0          0   entry10a.o
         0          0          0          0          0          0   entry11a.o
         8          4          0          0          0          0   entry2.o
         4          0          0          0          0          0   entry5.o
         0          0          0          0          0          0   entry7b.o
         0          0          0          0          0          0   entry8b.o
         8          4          0          0          0          0   entry9a.o
        30          0          0          0          0          0   handlers.o
        36          8          0          0          0         68   init.o
         0          0          0          0          0          0   iusefp.o
        30          0          0          0          0         68   llshl.o
        36          0          0          0          0         68   llsshr.o
        32          0          0          0          0         68   llushr.o
       108         16          0          0          0         84   malloc.o
        36          0          0          0          0        108   memseta.o
         0          0          0          8          0          0   mvars.o
      2226         90          0          0          0        444   printfa.o
        44          0          0          0          0         80   uidiv.o
        98          0          0          0          0         92   uldiv.o
        48          0          0          0          0         68   cdrcmple.o
       334          0          0          0          0        148   dadd.o
       222          0          0          0          0        100   ddiv.o
       186          0          0          0          0        176   depilogue.o
        48          0          0          0          0         68   dfixul.o
       228          0          0          0          0         96   dmul.o

    ----------------------------------------------------------------------
      3768        122          0          8          0       1736   Library Totals
         6          0          0          0          0          0   (incl. Padding)

    ----------------------------------------------------------------------

      Code (inc. data)   RO Data    RW Data    ZI Data      Debug   Library Name

      2696        122          0          8          0       1080   mc_w.l
      1066          0          0          0          0        656   mf_w.l

    ----------------------------------------------------------------------
      3768        122          0          8          0       1736   Library Totals

    ----------------------------------------------------------------------

==============================================================================


      Code (inc. data)   RO Data    RW Data    ZI Data      Debug   

     12688        692        360         56       2456     563697   Grand Totals
     12688        692        360         56       2456     563697   ELF Image Totals
     12688        692        360         56          0          0   ROM Totals

==============================================================================

    Total RO  Size (Code + RO Data)                13048 (  12.74kB)
    Total RW  Size (RW Data + ZI Data)              2512 (   2.45kB)
    Total ROM Size (Code + RO Data + RW Data)      13104 (  12.80kB)

==============================================================================

